<?xml version="1.0" encoding="utf-8"?>
<TestRun id="95b43ca5-7276-4adc-8686-86ce004b8cad" name="@Flynn-DaPC 2025-07-09 02:54:30" xmlns="http://microsoft.com/schemas/VisualStudio/TeamTest/2010">
  <Times creation="2025-07-09T02:54:30.2766796+10:00" queuing="2025-07-09T02:54:30.2766796+10:00" start="2025-07-09T02:54:29.7951625+10:00" finish="2025-07-09T02:54:31.4702553+10:00" />
  <TestSettings name="default" id="58e3f42b-918b-4f15-8548-a9ac38aa6ea5">
    <Deployment runDeploymentRoot="_Flynn-DaPC_2025-07-09_02_54_30" />
  </TestSettings>
  <Results>
    <UnitTestResult executionId="8a9f4354-64bf-425c-9abd-11860d4c2936" testId="76489d9f-fd4f-2f9e-ce48-40a210f6d5eb" testName="VaultNotary.UnitTests.Infrastructure.EfCustomerRepositoryTests.SearchByIdentityAsync_ShouldHandleSpecialCharacters" computerName="Flynn-DaPC" duration="00:00:00.0007718" startTime="2025-07-09T02:54:31.4033578+10:00" endTime="2025-07-09T02:54:31.4033579+10:00" testType="13cdc9d9-ddb5-4fa4-a97d-d965ccfc6d4b" outcome="Passed" testListId="8c84fa94-04c1-424b-9868-57a2d4851a1d" relativeResultsDirectory="8a9f4354-64bf-425c-9abd-11860d4c2936" />
    <UnitTestResult executionId="ab62a778-ad6c-4634-ac6a-ea0372bec5cd" testId="775df57f-6001-8eec-9333-a25d5f9c4cc7" testName="VaultNotary.UnitTests.Domain.Entities.CustomerTests.Customer_ShouldInitialize_WithDefaultValues" computerName="Flynn-DaPC" duration="00:00:00.0085987" startTime="2025-07-09T02:54:30.2193625+10:00" endTime="2025-07-09T02:54:30.2193626+10:00" testType="13cdc9d9-ddb5-4fa4-a97d-d965ccfc6d4b" outcome="Passed" testListId="8c84fa94-04c1-424b-9868-57a2d4851a1d" relativeResultsDirectory="ab62a778-ad6c-4634-ac6a-ea0372bec5cd" />
    <UnitTestResult executionId="9ffa64a0-36f0-43cb-93e8-1b83a9994565" testId="00a1afc4-f1e8-79b7-f69f-08412d5a460f" testName="VaultNotary.UnitTests.Infrastructure.EfDocumentRepositoryTests.GetByIdAsync_ShouldReturnNull_WhenNotExists" computerName="Flynn-DaPC" duration="00:00:00.0007071" startTime="2025-07-09T02:54:30.8719855+10:00" endTime="2025-07-09T02:54:30.8719856+10:00" testType="13cdc9d9-ddb5-4fa4-a97d-d965ccfc6d4b" outcome="Passed" testListId="8c84fa94-04c1-424b-9868-57a2d4851a1d" relativeResultsDirectory="9ffa64a0-36f0-43cb-93e8-1b83a9994565" />
    <UnitTestResult executionId="080af8ca-ff7a-43a1-bd57-30c063ee840d" testId="cf51ce0f-2f0f-7935-fb08-4d5b6db635da" testName="VaultNotary.UnitTests.Infrastructure.EfDocumentRepositoryTests.ExistsAsync_ShouldReturnTrue_WhenDocumentExists" computerName="Flynn-DaPC" duration="00:00:00.0006306" startTime="2025-07-09T02:54:30.8747694+10:00" endTime="2025-07-09T02:54:30.8747694+10:00" testType="13cdc9d9-ddb5-4fa4-a97d-d965ccfc6d4b" outcome="Passed" testListId="8c84fa94-04c1-424b-9868-57a2d4851a1d" relativeResultsDirectory="080af8ca-ff7a-43a1-bd57-30c063ee840d" />
    <UnitTestResult executionId="91823e66-897e-4bdf-b5bc-9b924746dea9" testId="7481627a-6188-3166-fd4e-08a013bf2672" testName="VaultNotary.UnitTests.Infrastructure.EfCustomerRepositoryTests.GetByBusinessRegistrationAsync_ShouldReturnCustomer_WhenExists" computerName="Flynn-DaPC" duration="00:00:00.5893693" startTime="2025-07-09T02:54:30.7864745+10:00" endTime="2025-07-09T02:54:30.7864746+10:00" testType="13cdc9d9-ddb5-4fa4-a97d-d965ccfc6d4b" outcome="Passed" testListId="8c84fa94-04c1-424b-9868-57a2d4851a1d" relativeResultsDirectory="91823e66-897e-4bdf-b5bc-9b924746dea9" />
    <UnitTestResult executionId="14d76fb9-3bcd-4931-afeb-66a71145b374" testId="3ed76e1d-1c6f-b356-7396-d35c933a5d12" testName="VaultNotary.UnitTests.Infrastructure.EfCustomerRepositoryTests.CreateAsync_ShouldHandleSpecialCharacters_InNames" computerName="Flynn-DaPC" duration="00:00:00.0006171" startTime="2025-07-09T02:54:31.3830782+10:00" endTime="2025-07-09T02:54:31.3830783+10:00" testType="13cdc9d9-ddb5-4fa4-a97d-d965ccfc6d4b" outcome="Passed" testListId="8c84fa94-04c1-424b-9868-57a2d4851a1d" relativeResultsDirectory="14d76fb9-3bcd-4931-afeb-66a71145b374" />
    <UnitTestResult executionId="9c8241bd-00c7-44a3-ba31-0e2a0709f6d0" testId="bf7a6d04-5c72-8c24-65f2-9dbcb9313700" testName="VaultNotary.UnitTests.Infrastructure.EfDocumentRepositoryTests.CreateAsync_ShouldHandleSpecialCharacters_InFields" computerName="Flynn-DaPC" duration="00:00:00.0032221" startTime="2025-07-09T02:54:30.8275181+10:00" endTime="2025-07-09T02:54:30.8275182+10:00" testType="13cdc9d9-ddb5-4fa4-a97d-d965ccfc6d4b" outcome="Passed" testListId="8c84fa94-04c1-424b-9868-57a2d4851a1d" relativeResultsDirectory="9c8241bd-00c7-44a3-ba31-0e2a0709f6d0" />
    <UnitTestResult executionId="1f606124-4493-4f46-b7ad-c42203e11b65" testId="9e4e769d-1d83-c97c-c50b-64e8e774377d" testName="VaultNotary.UnitTests.Infrastructure.EfDocumentRepositoryTests.SearchAsync_ShouldHandleEmptyAndNullQueries" computerName="Flynn-DaPC" duration="00:00:00.0006282" startTime="2025-07-09T02:54:30.8593543+10:00" endTime="2025-07-09T02:54:30.8593544+10:00" testType="13cdc9d9-ddb5-4fa4-a97d-d965ccfc6d4b" outcome="Passed" testListId="8c84fa94-04c1-424b-9868-57a2d4851a1d" relativeResultsDirectory="1f606124-4493-4f46-b7ad-c42203e11b65" />
    <UnitTestResult executionId="38879cd1-ea7d-4105-8491-734719fc27f6" testId="a63a5fe4-ceee-eee0-7fd4-02925a521221" testName="VaultNotary.UnitTests.Infrastructure.EfCustomerRepositoryTests.ExistsAsync_ShouldReturnFalse_WhenCustomerNotExists" computerName="Flynn-DaPC" duration="00:00:00.0025029" startTime="2025-07-09T02:54:31.3632901+10:00" endTime="2025-07-09T02:54:31.3632902+10:00" testType="13cdc9d9-ddb5-4fa4-a97d-d965ccfc6d4b" outcome="Passed" testListId="8c84fa94-04c1-424b-9868-57a2d4851a1d" relativeResultsDirectory="38879cd1-ea7d-4105-8491-734719fc27f6" />
    <UnitTestResult executionId="c4d81fe9-5fca-40af-9b50-5f042c2c72fa" testId="a5708848-e1cc-1088-bc32-2951eee4e89d" testName="VaultNotary.UnitTests.Infrastructure.EfDocumentRepositoryTests.CreateAsync_ShouldThrowException_WhenDocumentWithSameIdExists" computerName="Flynn-DaPC" duration="00:00:00.0137752" startTime="2025-07-09T02:54:30.8542437+10:00" endTime="2025-07-09T02:54:30.8542438+10:00" testType="13cdc9d9-ddb5-4fa4-a97d-d965ccfc6d4b" outcome="Passed" testListId="8c84fa94-04c1-424b-9868-57a2d4851a1d" relativeResultsDirectory="c4d81fe9-5fca-40af-9b50-5f042c2c72fa" />
    <UnitTestResult executionId="0e37c935-6b78-4053-9ce5-c24fc67f6d65" testId="394397b7-5809-ceed-8f63-5845032ef263" testName="VaultNotary.UnitTests.Domain.Entities.DocumentTests.Document_ShouldInitialize_WithDefaultValues" computerName="Flynn-DaPC" duration="00:00:00.0220598" startTime="2025-07-09T02:54:30.2225427+10:00" endTime="2025-07-09T02:54:30.2225428+10:00" testType="13cdc9d9-ddb5-4fa4-a97d-d965ccfc6d4b" outcome="Passed" testListId="8c84fa94-04c1-424b-9868-57a2d4851a1d" relativeResultsDirectory="0e37c935-6b78-4053-9ce5-c24fc67f6d65" />
    <UnitTestResult executionId="720e2fdf-dc94-4dce-97ec-d2d8fb5e4544" testId="d839dbff-7aa8-dd16-7394-c11d568a8000" testName="VaultNotary.UnitTests.Infrastructure.EfCustomerRepositoryTests.UpdateAsync_ShouldThrowException_WhenCustomerNotExists" computerName="Flynn-DaPC" duration="00:00:00.0014357" startTime="2025-07-09T02:54:31.3606974+10:00" endTime="2025-07-09T02:54:31.3606975+10:00" testType="13cdc9d9-ddb5-4fa4-a97d-d965ccfc6d4b" outcome="Passed" testListId="8c84fa94-04c1-424b-9868-57a2d4851a1d" relativeResultsDirectory="720e2fdf-dc94-4dce-97ec-d2d8fb5e4544" />
    <UnitTestResult executionId="97a9718c-852d-4240-ad5c-191c14ee50b5" testId="cbdb6a1f-1649-5eef-45cb-279aab316348" testName="VaultNotary.UnitTests.Domain.Entities.DocumentTests.Document_ShouldSupport_StringDocumentTypes" computerName="Flynn-DaPC" duration="00:00:00.0001970" startTime="2025-07-09T02:54:30.2538800+10:00" endTime="2025-07-09T02:54:30.2538801+10:00" testType="13cdc9d9-ddb5-4fa4-a97d-d965ccfc6d4b" outcome="Passed" testListId="8c84fa94-04c1-424b-9868-57a2d4851a1d" relativeResultsDirectory="97a9718c-852d-4240-ad5c-191c14ee50b5" />
    <UnitTestResult executionId="6f6fc7ba-41a8-411f-94a5-ea10de3cfbda" testId="3e0aa6db-af7c-58b9-39b2-5a1ae24071c0" testName="VaultNotary.UnitTests.Infrastructure.Services.HashServiceTests.VerifyHash_WithStream_ShouldReturnFalse_WhenHashDoesNotMatch" computerName="Flynn-DaPC" duration="00:00:00.0020712" startTime="2025-07-09T02:54:30.2540812+10:00" endTime="2025-07-09T02:54:30.2540812+10:00" testType="13cdc9d9-ddb5-4fa4-a97d-d965ccfc6d4b" outcome="Passed" testListId="8c84fa94-04c1-424b-9868-57a2d4851a1d" relativeResultsDirectory="6f6fc7ba-41a8-411f-94a5-ea10de3cfbda" />
    <UnitTestResult executionId="d2c4c49a-38c1-4262-91d0-a0e9a0f9f3e5" testId="5dfb96d3-dd69-e1d6-231a-7317211506a6" testName="VaultNotary.UnitTests.Infrastructure.EfDocumentRepositoryTests.GetByIdAsync_ShouldReturnDocument_WhenExists" computerName="Flynn-DaPC" duration="00:00:00.0127189" startTime="2025-07-09T02:54:30.8403896+10:00" endTime="2025-07-09T02:54:30.8403897+10:00" testType="13cdc9d9-ddb5-4fa4-a97d-d965ccfc6d4b" outcome="Passed" testListId="8c84fa94-04c1-424b-9868-57a2d4851a1d" relativeResultsDirectory="d2c4c49a-38c1-4262-91d0-a0e9a0f9f3e5" />
    <UnitTestResult executionId="6086b9ce-7bb2-4d30-9043-a31678b7c486" testId="fe54ed28-d79b-c928-04e2-77818f7ea134" testName="VaultNotary.UnitTests.Infrastructure.EfCustomerRepositoryTests.Repository_ShouldHandleLargeDatasets" computerName="Flynn-DaPC" duration="00:00:00.5102310" startTime="2025-07-09T02:54:31.3507952+10:00" endTime="2025-07-09T02:54:31.3507953+10:00" testType="13cdc9d9-ddb5-4fa4-a97d-d965ccfc6d4b" outcome="Passed" testListId="8c84fa94-04c1-424b-9868-57a2d4851a1d" relativeResultsDirectory="6086b9ce-7bb2-4d30-9043-a31678b7c486" />
    <UnitTestResult executionId="aa0693c5-7256-47d7-bad3-f17b157ea4c3" testId="63bf6977-e010-ffc4-c904-dbbb2c3a679f" testName="VaultNotary.UnitTests.Infrastructure.EfCustomerRepositoryTests.CreateAsync_ShouldGenerateId_WhenIdIsEmpty" computerName="Flynn-DaPC" duration="00:00:00.0006383" startTime="2025-07-09T02:54:31.4066593+10:00" endTime="2025-07-09T02:54:31.4066594+10:00" testType="13cdc9d9-ddb5-4fa4-a97d-d965ccfc6d4b" outcome="Passed" testListId="8c84fa94-04c1-424b-9868-57a2d4851a1d" relativeResultsDirectory="aa0693c5-7256-47d7-bad3-f17b157ea4c3" />
    <UnitTestResult executionId="fc471490-734b-423f-abf0-256242a42438" testId="6a85ffa8-fcdf-7e1c-3af2-8e0f097e750d" testName="VaultNotary.UnitTests.Infrastructure.EfCustomerRepositoryTests.Repository_ShouldHandleConcurrentOperations" computerName="Flynn-DaPC" duration="00:00:00.0013025" startTime="2025-07-09T02:54:31.3916619+10:00" endTime="2025-07-09T02:54:31.3916620+10:00" testType="13cdc9d9-ddb5-4fa4-a97d-d965ccfc6d4b" outcome="Passed" testListId="8c84fa94-04c1-424b-9868-57a2d4851a1d" relativeResultsDirectory="fc471490-734b-423f-abf0-256242a42438" />
    <UnitTestResult executionId="192d21a7-49ba-4969-9d79-8883838fc841" testId="b39827fa-1c5e-eab7-0268-f5d5afa6279b" testName="VaultNotary.UnitTests.Infrastructure.EfDocumentRepositoryTests.Repository_ShouldHandleLargeDatasets" computerName="Flynn-DaPC" duration="00:00:00.4624086" startTime="2025-07-09T02:54:31.3657998+10:00" endTime="2025-07-09T02:54:31.3657998+10:00" testType="13cdc9d9-ddb5-4fa4-a97d-d965ccfc6d4b" outcome="Passed" testListId="8c84fa94-04c1-424b-9868-57a2d4851a1d" relativeResultsDirectory="192d21a7-49ba-4969-9d79-8883838fc841" />
    <UnitTestResult executionId="3e3fd070-e890-4c15-8045-7cf92892542e" testId="510ce74e-25ac-3598-7d09-61680231ed45" testName="VaultNotary.UnitTests.Infrastructure.EfCustomerRepositoryTests.SearchByIdentityAsync_ShouldHandleNullAndEmptyQueries" computerName="Flynn-DaPC" duration="00:00:00.0006656" startTime="2025-07-09T02:54:31.4073771+10:00" endTime="2025-07-09T02:54:31.4073771+10:00" testType="13cdc9d9-ddb5-4fa4-a97d-d965ccfc6d4b" outcome="Passed" testListId="8c84fa94-04c1-424b-9868-57a2d4851a1d" relativeResultsDirectory="3e3fd070-e890-4c15-8045-7cf92892542e" />
    <UnitTestResult executionId="79e5f6b0-ea46-4151-934a-d4fc8fb4e16e" testId="9fcb122b-feb1-dde3-4d27-4138d7009c75" testName="VaultNotary.UnitTests.Infrastructure.EfDocumentRepositoryTests.DeleteAsync_ShouldNotThrow_WhenDocumentNotExists" computerName="Flynn-DaPC" duration="00:00:00.0061146" startTime="2025-07-09T02:54:30.8825652+10:00" endTime="2025-07-09T02:54:30.8825653+10:00" testType="13cdc9d9-ddb5-4fa4-a97d-d965ccfc6d4b" outcome="Passed" testListId="8c84fa94-04c1-424b-9868-57a2d4851a1d" relativeResultsDirectory="79e5f6b0-ea46-4151-934a-d4fc8fb4e16e" />
    <UnitTestResult executionId="8c82e1b7-eb61-4ded-8ec6-438e5b9d8e2c" testId="7ccd4740-275c-61ce-f5c7-0ee793b6d229" testName="VaultNotary.UnitTests.Infrastructure.EfCustomerRepositoryTests.SearchByIdentityAsync_ShouldReturnMatchingCustomers" computerName="Flynn-DaPC" duration="00:00:00.0145464" startTime="2025-07-09T02:54:31.3816118+10:00" endTime="2025-07-09T02:54:31.3816119+10:00" testType="13cdc9d9-ddb5-4fa4-a97d-d965ccfc6d4b" outcome="Passed" testListId="8c84fa94-04c1-424b-9868-57a2d4851a1d" relativeResultsDirectory="8c82e1b7-eb61-4ded-8ec6-438e5b9d8e2c" />
    <UnitTestResult executionId="8592ae11-7e6e-45cc-86fd-42be4fb53493" testId="4b9844f8-0562-752b-e5e6-10481fcc4865" testName="VaultNotary.UnitTests.Infrastructure.Services.HashServiceTests.ComputeSha256HashAsync_WithByteArray_ShouldReturnCorrectHash" computerName="Flynn-DaPC" duration="00:00:00.0219145" startTime="2025-07-09T02:54:30.2540220+10:00" endTime="2025-07-09T02:54:30.2540220+10:00" testType="13cdc9d9-ddb5-4fa4-a97d-d965ccfc6d4b" outcome="Passed" testListId="8c84fa94-04c1-424b-9868-57a2d4851a1d" relativeResultsDirectory="8592ae11-7e6e-45cc-86fd-42be4fb53493" />
    <UnitTestResult executionId="6384719d-e1a1-4523-82a3-b9406597b86f" testId="303f2f45-ce68-ba26-a62b-831f90893498" testName="VaultNotary.UnitTests.Infrastructure.Services.HashServiceTests.ComputeSha256HashAsync_WithStream_ShouldReturnCorrectHash" computerName="Flynn-DaPC" duration="00:00:00.0006348" startTime="2025-07-09T02:54:30.2541104+10:00" endTime="2025-07-09T02:54:30.2541104+10:00" testType="13cdc9d9-ddb5-4fa4-a97d-d965ccfc6d4b" outcome="Passed" testListId="8c84fa94-04c1-424b-9868-57a2d4851a1d" relativeResultsDirectory="6384719d-e1a1-4523-82a3-b9406597b86f" />
    <UnitTestResult executionId="a529de6c-2370-480f-b96e-10a18f8dd412" testId="0e6280e0-be92-ab27-fc1f-5bbd43eef23b" testName="VaultNotary.UnitTests.Infrastructure.EfCustomerRepositoryTests.GetByDocumentIdAsync_ShouldReturnCustomer_WhenExists" computerName="Flynn-DaPC" duration="00:00:00.0125322" startTime="2025-07-09T02:54:30.8404222+10:00" endTime="2025-07-09T02:54:30.8404222+10:00" testType="13cdc9d9-ddb5-4fa4-a97d-d965ccfc6d4b" outcome="Passed" testListId="8c84fa94-04c1-424b-9868-57a2d4851a1d" relativeResultsDirectory="a529de6c-2370-480f-b96e-10a18f8dd412" />
    <UnitTestResult executionId="b36bdf24-37d7-4bd3-adcd-6a078c79001d" testId="62b6ef2c-5660-9d9a-7e0f-4aa2e8e99e27" testName="VaultNotary.UnitTests.Infrastructure.Services.HashServiceTests.ComputeSha256HashAsync_ShouldBeCaseInsensitive" computerName="Flynn-DaPC" duration="00:00:00.0047804" startTime="2025-07-09T02:54:30.2541591+10:00" endTime="2025-07-09T02:54:30.2541592+10:00" testType="13cdc9d9-ddb5-4fa4-a97d-d965ccfc6d4b" outcome="Passed" testListId="8c84fa94-04c1-424b-9868-57a2d4851a1d" relativeResultsDirectory="b36bdf24-37d7-4bd3-adcd-6a078c79001d" />
    <UnitTestResult executionId="21aadc69-94ff-4030-bb87-0b40f8982c2e" testId="b965df6b-31c8-65ef-981a-d49e7013be88" testName="VaultNotary.UnitTests.Infrastructure.EfCustomerRepositoryTests.CreateAsync_ShouldHandleBusinessCustomer" computerName="Flynn-DaPC" duration="00:00:00.0006852" startTime="2025-07-09T02:54:31.3823844+10:00" endTime="2025-07-09T02:54:31.3823845+10:00" testType="13cdc9d9-ddb5-4fa4-a97d-d965ccfc6d4b" outcome="Passed" testListId="8c84fa94-04c1-424b-9868-57a2d4851a1d" relativeResultsDirectory="21aadc69-94ff-4030-bb87-0b40f8982c2e" />
    <UnitTestResult executionId="d0a207a7-59f1-4d8f-a91d-3d630285cc2a" testId="d9c5cd29-3225-c901-6aa7-fd5e3ac6900c" testName="VaultNotary.UnitTests.Infrastructure.EfCustomerRepositoryTests.CreateAsync_ShouldThrowException_WhenCustomerWithSameIdExists" computerName="Flynn-DaPC" duration="00:00:00.0009842" startTime="2025-07-09T02:54:31.3902653+10:00" endTime="2025-07-09T02:54:31.3902654+10:00" testType="13cdc9d9-ddb5-4fa4-a97d-d965ccfc6d4b" outcome="Passed" testListId="8c84fa94-04c1-424b-9868-57a2d4851a1d" relativeResultsDirectory="d0a207a7-59f1-4d8f-a91d-3d630285cc2a" />
    <UnitTestResult executionId="c08ff012-c59a-478c-a695-26e4ff85cc15" testId="5dc00981-9acd-f9f0-20d4-e2a5da8bd6af" testName="VaultNotary.UnitTests.Infrastructure.EfDocumentRepositoryTests.UpdateAsync_ShouldThrowException_WhenDocumentNotExists" computerName="Flynn-DaPC" duration="00:00:00.0032053" startTime="2025-07-09T02:54:30.8575799+10:00" endTime="2025-07-09T02:54:30.8575800+10:00" testType="13cdc9d9-ddb5-4fa4-a97d-d965ccfc6d4b" outcome="Passed" testListId="8c84fa94-04c1-424b-9868-57a2d4851a1d" relativeResultsDirectory="c08ff012-c59a-478c-a695-26e4ff85cc15" />
    <UnitTestResult executionId="a613083e-4ee4-4437-b438-496c0f2af503" testId="e2dd5144-457e-7bff-a018-9bc3286aa49a" testName="VaultNotary.UnitTests.Infrastructure.EfCustomerRepositoryTests.GetByIdAsync_ShouldReturnNull_WhenNotExists" computerName="Flynn-DaPC" duration="00:00:00.0284381" startTime="2025-07-09T02:54:30.8149889+10:00" endTime="2025-07-09T02:54:30.8149890+10:00" testType="13cdc9d9-ddb5-4fa4-a97d-d965ccfc6d4b" outcome="Passed" testListId="8c84fa94-04c1-424b-9868-57a2d4851a1d" relativeResultsDirectory="a613083e-4ee4-4437-b438-496c0f2af503" />
    <UnitTestResult executionId="189dc825-0b23-47d8-8b96-48feee9ae37d" testId="0e2e8536-99f5-2267-ab56-6f2625844e4c" testName="VaultNotary.UnitTests.Infrastructure.EfCustomerRepositoryTests.GetByIdAsync_ShouldReturnCustomer_WhenExists" computerName="Flynn-DaPC" duration="00:00:00.0036292" startTime="2025-07-09T02:54:31.3669856+10:00" endTime="2025-07-09T02:54:31.3669856+10:00" testType="13cdc9d9-ddb5-4fa4-a97d-d965ccfc6d4b" outcome="Passed" testListId="8c84fa94-04c1-424b-9868-57a2d4851a1d" relativeResultsDirectory="189dc825-0b23-47d8-8b96-48feee9ae37d" />
    <UnitTestResult executionId="08898fa0-c218-42f4-8a33-51ba77373f61" testId="307bd208-022f-67d4-552a-2144ffe20347" testName="VaultNotary.UnitTests.Infrastructure.EfCustomerRepositoryTests.GetAllAsync_ShouldReturnAllCustomers_OrderedByName" computerName="Flynn-DaPC" duration="00:00:00.0007605" startTime="2025-07-09T02:54:31.3845452+10:00" endTime="2025-07-09T02:54:31.3845452+10:00" testType="13cdc9d9-ddb5-4fa4-a97d-d965ccfc6d4b" outcome="Passed" testListId="8c84fa94-04c1-424b-9868-57a2d4851a1d" relativeResultsDirectory="08898fa0-c218-42f4-8a33-51ba77373f61" />
    <UnitTestResult executionId="07507d46-a4a4-4b05-abfc-fe4ea997ff57" testId="abd9fe39-3eef-2fa5-8b0b-aef80c89da07" testName="VaultNotary.UnitTests.Infrastructure.EfDocumentRepositoryTests.GetAllAsync_ShouldReturnAllDocuments" computerName="Flynn-DaPC" duration="00:00:00.0009047" startTime="2025-07-09T02:54:31.3668059+10:00" endTime="2025-07-09T02:54:31.3668060+10:00" testType="13cdc9d9-ddb5-4fa4-a97d-d965ccfc6d4b" outcome="Passed" testListId="8c84fa94-04c1-424b-9868-57a2d4851a1d" relativeResultsDirectory="07507d46-a4a4-4b05-abfc-fe4ea997ff57" />
    <UnitTestResult executionId="fdd945ab-d3eb-4cdd-b36b-bbd5108f189b" testId="d3d84a57-b772-3814-1b36-946afc949410" testName="VaultNotary.UnitTests.Infrastructure.EfDocumentRepositoryTests.SearchAsync_ShouldReturnMatchingDocuments" computerName="Flynn-DaPC" duration="00:00:00.0054122" startTime="2025-07-09T02:54:30.9025366+10:00" endTime="2025-07-09T02:54:30.9025367+10:00" testType="13cdc9d9-ddb5-4fa4-a97d-d965ccfc6d4b" outcome="Passed" testListId="8c84fa94-04c1-424b-9868-57a2d4851a1d" relativeResultsDirectory="fdd945ab-d3eb-4cdd-b36b-bbd5108f189b" />
    <UnitTestResult executionId="18139ea6-0899-48d9-89dc-837e90966aaf" testId="0c451fc5-d54f-536e-a376-4f7a2805e2aa" testName="VaultNotary.UnitTests.Infrastructure.EfCustomerRepositoryTests.ExistsAsync_ShouldReturnTrue_WhenCustomerExists" computerName="Flynn-DaPC" duration="00:00:00.0005689" startTime="2025-07-09T02:54:31.3837178+10:00" endTime="2025-07-09T02:54:31.3837179+10:00" testType="13cdc9d9-ddb5-4fa4-a97d-d965ccfc6d4b" outcome="Passed" testListId="8c84fa94-04c1-424b-9868-57a2d4851a1d" relativeResultsDirectory="18139ea6-0899-48d9-89dc-837e90966aaf" />
    <UnitTestResult executionId="7456da3d-8cbf-4e5c-969a-0627d0e4d466" testId="04888aad-83f1-65c2-d21f-07e38ebe2803" testName="VaultNotary.UnitTests.Domain.Entities.CustomerTests.Customer_ShouldSetProperties_Correctly" computerName="Flynn-DaPC" duration="00:00:00.0015578" startTime="2025-07-09T02:54:30.2205473+10:00" endTime="2025-07-09T02:54:30.2205474+10:00" testType="13cdc9d9-ddb5-4fa4-a97d-d965ccfc6d4b" outcome="Passed" testListId="8c84fa94-04c1-424b-9868-57a2d4851a1d" relativeResultsDirectory="7456da3d-8cbf-4e5c-969a-0627d0e4d466" />
    <UnitTestResult executionId="7e00e731-a17c-4400-98e4-a4e4016e8d38" testId="6f7d5fcc-9b7b-0e9f-45be-ff7d22cfc936" testName="VaultNotary.UnitTests.Infrastructure.Services.HashServiceTests.VerifyHash_WithByteArray_ShouldReturnTrue_WhenHashMatches" computerName="Flynn-DaPC" duration="00:00:00.0008364" startTime="2025-07-09T02:54:30.2542156+10:00" endTime="2025-07-09T02:54:30.2542156+10:00" testType="13cdc9d9-ddb5-4fa4-a97d-d965ccfc6d4b" outcome="Passed" testListId="8c84fa94-04c1-424b-9868-57a2d4851a1d" relativeResultsDirectory="7e00e731-a17c-4400-98e4-a4e4016e8d38" />
    <UnitTestResult executionId="f69621ca-028f-41a8-b9f4-891e1f25fe37" testId="fd7688cf-05b6-48ca-08be-00d2a4e36382" testName="VaultNotary.UnitTests.Infrastructure.Services.HashServiceTests.ComputeSha256HashAsync_WithEmptyData_ShouldReturnEmptyStringHash" computerName="Flynn-DaPC" duration="00:00:00.0020561" startTime="2025-07-09T02:54:30.2540575+10:00" endTime="2025-07-09T02:54:30.2540575+10:00" testType="13cdc9d9-ddb5-4fa4-a97d-d965ccfc6d4b" outcome="Passed" testListId="8c84fa94-04c1-424b-9868-57a2d4851a1d" relativeResultsDirectory="f69621ca-028f-41a8-b9f4-891e1f25fe37" />
    <UnitTestResult executionId="3d774fa9-d337-4061-9cfb-8146dda56b42" testId="c5657018-f55b-2642-bd48-6d7531069536" testName="VaultNotary.UnitTests.Infrastructure.EfCustomerRepositoryTests.GetByPassportIdAsync_ShouldReturnCustomer_WhenExists" computerName="Flynn-DaPC" duration="00:00:00.0107859" startTime="2025-07-09T02:54:31.4025132+10:00" endTime="2025-07-09T02:54:31.4025133+10:00" testType="13cdc9d9-ddb5-4fa4-a97d-d965ccfc6d4b" outcome="Passed" testListId="8c84fa94-04c1-424b-9868-57a2d4851a1d" relativeResultsDirectory="3d774fa9-d337-4061-9cfb-8146dda56b42" />
    <UnitTestResult executionId="17d09da8-e778-474c-9308-a0aa8e09f9de" testId="e2397b66-2d56-1c90-f08a-f08ae995c1dc" testName="VaultNotary.UnitTests.Infrastructure.EfCustomerRepositoryTests.CreateAsync_ShouldCreateCustomer_WhenValidDataProvided" computerName="Flynn-DaPC" duration="00:00:00.0014040" startTime="2025-07-09T02:54:31.3523492+10:00" endTime="2025-07-09T02:54:31.3523493+10:00" testType="13cdc9d9-ddb5-4fa4-a97d-d965ccfc6d4b" outcome="Passed" testListId="8c84fa94-04c1-424b-9868-57a2d4851a1d" relativeResultsDirectory="17d09da8-e778-474c-9308-a0aa8e09f9de" />
    <UnitTestResult executionId="a98e7f47-2dc1-40e4-981b-7cf56c5aa381" testId="5b0b055e-76f2-fc36-20fa-35fcb9227acb" testName="VaultNotary.UnitTests.Infrastructure.EfCustomerRepositoryTests.Repository_ShouldHandleDifferentCustomerTypes" computerName="Flynn-DaPC" duration="00:00:00.0045935" startTime="2025-07-09T02:54:31.3891977+10:00" endTime="2025-07-09T02:54:31.3891982+10:00" testType="13cdc9d9-ddb5-4fa4-a97d-d965ccfc6d4b" outcome="Passed" testListId="8c84fa94-04c1-424b-9868-57a2d4851a1d" relativeResultsDirectory="a98e7f47-2dc1-40e4-981b-7cf56c5aa381" />
    <UnitTestResult executionId="a1831a06-b003-469e-abc1-6e0b64cf0ba7" testId="ab4b969c-017d-5119-21ee-604861773804" testName="VaultNotary.UnitTests.Infrastructure.EfCustomerRepositoryTests.DeleteAsync_ShouldDeleteCustomer_WhenExists" computerName="Flynn-DaPC" duration="00:00:00.0006775" startTime="2025-07-09T02:54:31.4059521+10:00" endTime="2025-07-09T02:54:31.4059522+10:00" testType="13cdc9d9-ddb5-4fa4-a97d-d965ccfc6d4b" outcome="Passed" testListId="8c84fa94-04c1-424b-9868-57a2d4851a1d" relativeResultsDirectory="a1831a06-b003-469e-abc1-6e0b64cf0ba7" />
    <UnitTestResult executionId="cff88b6f-2d0f-4403-b5d4-b2c08d5d462a" testId="de2da7fe-7d82-4bfa-7387-50022c7ad055" testName="VaultNotary.UnitTests.Infrastructure.EfCustomerRepositoryTests.DeleteAsync_ShouldNotThrow_WhenCustomerNotExists" computerName="Flynn-DaPC" duration="00:00:00.0067128" startTime="2025-07-09T02:54:31.3591728+10:00" endTime="2025-07-09T02:54:31.3591728+10:00" testType="13cdc9d9-ddb5-4fa4-a97d-d965ccfc6d4b" outcome="Passed" testListId="8c84fa94-04c1-424b-9868-57a2d4851a1d" relativeResultsDirectory="cff88b6f-2d0f-4403-b5d4-b2c08d5d462a" />
    <UnitTestResult executionId="212a1b32-d8d1-4e95-90ff-60bbfa35dd6c" testId="79c400a0-f4bc-7982-0a39-332eda366218" testName="VaultNotary.UnitTests.Infrastructure.EfDocumentRepositoryTests.DeleteAsync_ShouldDeleteDocument_WhenExists" computerName="Flynn-DaPC" duration="00:00:00.0091361" startTime="2025-07-09T02:54:31.3760154+10:00" endTime="2025-07-09T02:54:31.3760155+10:00" testType="13cdc9d9-ddb5-4fa4-a97d-d965ccfc6d4b" outcome="Passed" testListId="8c84fa94-04c1-424b-9868-57a2d4851a1d" relativeResultsDirectory="212a1b32-d8d1-4e95-90ff-60bbfa35dd6c" />
    <UnitTestResult executionId="20dbacd5-e4ff-4e6f-8061-e02cc7dc7786" testId="401b253a-c4ba-82e2-212c-fbd93d6395db" testName="VaultNotary.UnitTests.Application.Services.CustomerServiceTests.UpdateAsync_ShouldThrowException_WhenCustomerDoesNotExist" computerName="Flynn-DaPC" duration="00:00:00.0139527" startTime="2025-07-09T02:54:30.3087394+10:00" endTime="2025-07-09T02:54:30.3087395+10:00" testType="13cdc9d9-ddb5-4fa4-a97d-d965ccfc6d4b" outcome="Passed" testListId="8c84fa94-04c1-424b-9868-57a2d4851a1d" relativeResultsDirectory="20dbacd5-e4ff-4e6f-8061-e02cc7dc7786" />
    <UnitTestResult executionId="59be786e-78be-4184-92bc-12b9e4be693a" testId="eefe2feb-b68b-0307-bcf4-0f69eb55d52d" testName="VaultNotary.UnitTests.Application.Services.CustomerServiceTests.GetByIdAsync_ShouldReturnNull_WhenCustomerDoesNotExist" computerName="Flynn-DaPC" duration="00:00:00.0007186" startTime="2025-07-09T02:54:30.2946902+10:00" endTime="2025-07-09T02:54:30.2946902+10:00" testType="13cdc9d9-ddb5-4fa4-a97d-d965ccfc6d4b" outcome="Passed" testListId="8c84fa94-04c1-424b-9868-57a2d4851a1d" relativeResultsDirectory="59be786e-78be-4184-92bc-12b9e4be693a" />
    <UnitTestResult executionId="e4dd1b4a-810e-43e4-a31d-cc603656915c" testId="e7a2c789-9890-31c6-73aa-39eb8361d58f" testName="VaultNotary.UnitTests.Infrastructure.EfDocumentRepositoryTests.UpdateAsync_ShouldUpdateDocument_WhenExists" computerName="Flynn-DaPC" duration="00:00:00.0020604" startTime="2025-07-09T02:54:30.8740708+10:00" endTime="2025-07-09T02:54:30.8740710+10:00" testType="13cdc9d9-ddb5-4fa4-a97d-d965ccfc6d4b" outcome="Passed" testListId="8c84fa94-04c1-424b-9868-57a2d4851a1d" relativeResultsDirectory="e4dd1b4a-810e-43e4-a31d-cc603656915c" />
    <UnitTestResult executionId="801d4140-9c17-44e5-b4b5-3a447408b3c3" testId="50c7dd02-ab2c-9318-e1c9-0ed531acf36b" testName="VaultNotary.UnitTests.Application.Services.CustomerServiceTests.UpdateAsync_ShouldCallRepository_WhenCustomerExists" computerName="Flynn-DaPC" duration="00:00:00.0131153" startTime="2025-07-09T02:54:30.2872431+10:00" endTime="2025-07-09T02:54:30.2872432+10:00" testType="13cdc9d9-ddb5-4fa4-a97d-d965ccfc6d4b" outcome="Passed" testListId="8c84fa94-04c1-424b-9868-57a2d4851a1d" relativeResultsDirectory="801d4140-9c17-44e5-b4b5-3a447408b3c3" />
    <UnitTestResult executionId="ed4474a8-16a1-47a8-b83a-cf88da0db1fd" testId="898eced0-ed08-96d3-17a7-41bf4700bf8a" testName="VaultNotary.UnitTests.Application.Services.CustomerServiceTests.CreateAsync_ShouldReturnCustomerId_WhenCustomerIsCreated" computerName="Flynn-DaPC" duration="00:00:00.0030510" startTime="2025-07-09T02:54:30.2939012+10:00" endTime="2025-07-09T02:54:30.2939013+10:00" testType="13cdc9d9-ddb5-4fa4-a97d-d965ccfc6d4b" outcome="Passed" testListId="8c84fa94-04c1-424b-9868-57a2d4851a1d" relativeResultsDirectory="ed4474a8-16a1-47a8-b83a-cf88da0db1fd" />
    <UnitTestResult executionId="71c37ab7-db2f-46cc-b60e-89a129ffba89" testId="a1811c63-c727-4865-2c6c-c39c4b1d8891" testName="VaultNotary.UnitTests.Infrastructure.EfCustomerRepositoryTests.GetAllAsync_ShouldIncludeRelatedData" computerName="Flynn-DaPC" duration="00:00:00.0126549" startTime="2025-07-09T02:54:30.8277173+10:00" endTime="2025-07-09T02:54:30.8277175+10:00" testType="13cdc9d9-ddb5-4fa4-a97d-d965ccfc6d4b" outcome="Passed" testListId="8c84fa94-04c1-424b-9868-57a2d4851a1d" relativeResultsDirectory="71c37ab7-db2f-46cc-b60e-89a129ffba89" />
    <UnitTestResult executionId="a801c38a-341b-4a1d-8780-ff1a4ffe3a51" testId="4ffd0e3d-13b1-6203-f106-aa000d876033" testName="VaultNotary.UnitTests.Infrastructure.EfCustomerRepositoryTests.UpdateAsync_ShouldUpdateCustomer_WhenExists" computerName="Flynn-DaPC" duration="00:00:00.0007025" startTime="2025-07-09T02:54:31.4041351+10:00" endTime="2025-07-09T02:54:31.4041351+10:00" testType="13cdc9d9-ddb5-4fa4-a97d-d965ccfc6d4b" outcome="Passed" testListId="8c84fa94-04c1-424b-9868-57a2d4851a1d" relativeResultsDirectory="a801c38a-341b-4a1d-8780-ff1a4ffe3a51" />
    <UnitTestResult executionId="22cdf02f-847a-40cd-8072-4537efc0b9cc" testId="e8fbb99a-7ab9-80cb-de2f-bd6951de5d69" testName="VaultNotary.UnitTests.Infrastructure.EfDocumentRepositoryTests.Repository_ShouldHandleConcurrentOperations" computerName="Flynn-DaPC" duration="00:00:00.0143278" startTime="2025-07-09T02:54:30.8969843+10:00" endTime="2025-07-09T02:54:30.8969844+10:00" testType="13cdc9d9-ddb5-4fa4-a97d-d965ccfc6d4b" outcome="Passed" testListId="8c84fa94-04c1-424b-9868-57a2d4851a1d" relativeResultsDirectory="22cdf02f-847a-40cd-8072-4537efc0b9cc" />
    <UnitTestResult executionId="3b79b3c1-aba1-477a-b783-ab500e5c496d" testId="bb72d025-768b-76b2-f208-13636a525d03" testName="VaultNotary.UnitTests.Infrastructure.EfDocumentRepositoryTests.ExistsAsync_ShouldReturnFalse_WhenDocumentNotExists" computerName="Flynn-DaPC" duration="00:00:00.0213119" startTime="2025-07-09T02:54:30.8106492+10:00" endTime="2025-07-09T02:54:30.8106493+10:00" testType="13cdc9d9-ddb5-4fa4-a97d-d965ccfc6d4b" outcome="Passed" testListId="8c84fa94-04c1-424b-9868-57a2d4851a1d" relativeResultsDirectory="3b79b3c1-aba1-477a-b783-ab500e5c496d" />
    <UnitTestResult executionId="8d50cb47-a330-466c-ab80-e7b710da60c1" testId="d1d26a59-6866-8cf4-9170-50d7a8aa5b14" testName="VaultNotary.UnitTests.Application.Services.CustomerServiceTests.DetectDuplicatesAsync_ShouldReturnDuplicates_WhenFound" computerName="Flynn-DaPC" duration="00:00:00.0768937" startTime="2025-07-09T02:54:30.2740306+10:00" endTime="2025-07-09T02:54:30.2740308+10:00" testType="13cdc9d9-ddb5-4fa4-a97d-d965ccfc6d4b" outcome="Passed" testListId="8c84fa94-04c1-424b-9868-57a2d4851a1d" relativeResultsDirectory="8d50cb47-a330-466c-ab80-e7b710da60c1" />
    <UnitTestResult executionId="7ce7f7a5-b3e7-432a-9fca-0ed1f949b374" testId="f78d1494-aace-2b41-2672-00ea9dc978c3" testName="VaultNotary.UnitTests.Infrastructure.Services.HashServiceTests.VerifyHash_WithByteArray_ShouldReturnFalse_WhenHashDoesNotMatch" computerName="Flynn-DaPC" duration="00:00:00.0006502" startTime="2025-07-09T02:54:30.2541365+10:00" endTime="2025-07-09T02:54:30.2541365+10:00" testType="13cdc9d9-ddb5-4fa4-a97d-d965ccfc6d4b" outcome="Passed" testListId="8c84fa94-04c1-424b-9868-57a2d4851a1d" relativeResultsDirectory="7ce7f7a5-b3e7-432a-9fca-0ed1f949b374" />
    <UnitTestResult executionId="0813e62c-5cac-4c88-b8ea-7e98e6c37aa2" testId="37d65448-1662-2551-1559-c5c196553f51" testName="VaultNotary.UnitTests.Infrastructure.EfDocumentRepositoryTests.GetByHashAsync_ShouldReturnNull_WhenNoMatchingHash" computerName="Flynn-DaPC" duration="00:00:00.0015195" startTime="2025-07-09T02:54:30.8763849+10:00" endTime="2025-07-09T02:54:30.8763850+10:00" testType="13cdc9d9-ddb5-4fa4-a97d-d965ccfc6d4b" outcome="Passed" testListId="8c84fa94-04c1-424b-9868-57a2d4851a1d" relativeResultsDirectory="0813e62c-5cac-4c88-b8ea-7e98e6c37aa2" />
    <UnitTestResult executionId="0b65bfaf-46f7-4830-8079-44225a4f38fb" testId="96e0c38c-4d22-2d09-7bca-8e39be2bdfa8" testName="VaultNotary.UnitTests.Application.Services.CustomerServiceTests.GetByIdAsync_ShouldReturnCustomerDto_WhenCustomerExists" computerName="Flynn-DaPC" duration="00:00:00.0014709" startTime="2025-07-09T02:54:30.2907724+10:00" endTime="2025-07-09T02:54:30.2907724+10:00" testType="13cdc9d9-ddb5-4fa4-a97d-d965ccfc6d4b" outcome="Passed" testListId="8c84fa94-04c1-424b-9868-57a2d4851a1d" relativeResultsDirectory="0b65bfaf-46f7-4830-8079-44225a4f38fb" />
    <UnitTestResult executionId="3a432622-4326-4846-91ad-add05494e032" testId="05fcc321-4235-ba1d-e4d1-4e3e6d865826" testName="VaultNotary.UnitTests.Application.Services.CustomerServiceTests.SearchByIdentityAsync_ShouldReturnCustomers_WhenMatchesFound" computerName="Flynn-DaPC" duration="00:00:00.0019093" startTime="2025-07-09T02:54:30.2892368+10:00" endTime="2025-07-09T02:54:30.2892369+10:00" testType="13cdc9d9-ddb5-4fa4-a97d-d965ccfc6d4b" outcome="Passed" testListId="8c84fa94-04c1-424b-9868-57a2d4851a1d" relativeResultsDirectory="3a432622-4326-4846-91ad-add05494e032" />
    <UnitTestResult executionId="4d78bb45-0830-47c3-b456-9aad6d517050" testId="461cfe1c-64db-1c39-098b-361d5e088b09" testName="VaultNotary.UnitTests.Infrastructure.EfDocumentRepositoryTests.GetByNotaryDateRangeAsync_ShouldHandleEdgeDates" computerName="Flynn-DaPC" duration="00:00:00.0010374" startTime="2025-07-09T02:54:30.8586610+10:00" endTime="2025-07-09T02:54:30.8586611+10:00" testType="13cdc9d9-ddb5-4fa4-a97d-d965ccfc6d4b" outcome="Passed" testListId="8c84fa94-04c1-424b-9868-57a2d4851a1d" relativeResultsDirectory="4d78bb45-0830-47c3-b456-9aad6d517050" />
    <UnitTestResult executionId="7c28370c-5a32-4b8c-b94b-17e2fb5ffa0b" testId="a69214a6-caf7-dea8-00a1-32d667d7b600" testName="VaultNotary.UnitTests.Infrastructure.EfDocumentRepositoryTests.GetByHashAsync_ShouldReturnNull_WhenNotExists" computerName="Flynn-DaPC" duration="00:00:00.0116939" startTime="2025-07-09T02:54:30.8711437+10:00" endTime="2025-07-09T02:54:30.8711439+10:00" testType="13cdc9d9-ddb5-4fa4-a97d-d965ccfc6d4b" outcome="Passed" testListId="8c84fa94-04c1-424b-9868-57a2d4851a1d" relativeResultsDirectory="7c28370c-5a32-4b8c-b94b-17e2fb5ffa0b" />
    <UnitTestResult executionId="a63a73a0-50a1-499a-86f5-b14d1db2b18e" testId="24dd1393-9374-e4ba-078b-276da4d99357" testName="VaultNotary.UnitTests.Infrastructure.EfDocumentRepositoryTests.SearchAsync_ShouldBeCase_Insensitive" computerName="Flynn-DaPC" duration="00:00:00.5922269" startTime="2025-07-09T02:54:30.7892228+10:00" endTime="2025-07-09T02:54:30.7892229+10:00" testType="13cdc9d9-ddb5-4fa4-a97d-d965ccfc6d4b" outcome="Passed" testListId="8c84fa94-04c1-424b-9868-57a2d4851a1d" relativeResultsDirectory="a63a73a0-50a1-499a-86f5-b14d1db2b18e" />
    <UnitTestResult executionId="5e593112-e292-4229-b950-d3a92815f496" testId="e3def3b9-3f87-9903-1511-45ab96f293f3" testName="VaultNotary.UnitTests.Infrastructure.EfCustomerRepositoryTests.Repository_ShouldMaintainDataIntegrity_DuringComplexOperations" computerName="Flynn-DaPC" duration="00:00:00.0009987" startTime="2025-07-09T02:54:31.4052098+10:00" endTime="2025-07-09T02:54:31.4052099+10:00" testType="13cdc9d9-ddb5-4fa4-a97d-d965ccfc6d4b" outcome="Passed" testListId="8c84fa94-04c1-424b-9868-57a2d4851a1d" relativeResultsDirectory="5e593112-e292-4229-b950-d3a92815f496" />
    <UnitTestResult executionId="2c451409-91e2-4d2f-bcb0-61661c9cab80" testId="22c27806-7894-a040-0413-05f5b9836ec1" testName="VaultNotary.UnitTests.Domain.Entities.DocumentTests.Document_ShouldSetProperties_Correctly" computerName="Flynn-DaPC" duration="00:00:00.0012131" startTime="2025-07-09T02:54:30.2238516+10:00" endTime="2025-07-09T02:54:30.2238518+10:00" testType="13cdc9d9-ddb5-4fa4-a97d-d965ccfc6d4b" outcome="Passed" testListId="8c84fa94-04c1-424b-9868-57a2d4851a1d" relativeResultsDirectory="2c451409-91e2-4d2f-bcb0-61661c9cab80" />
    <UnitTestResult executionId="2003f219-72f3-4dc4-a27c-abcc6ff24926" testId="14c659c0-ca78-4499-399e-fb0d0031572e" testName="VaultNotary.UnitTests.Infrastructure.Services.HashServiceTests.VerifyHash_WithStream_ShouldReturnTrue_WhenHashMatches" computerName="Flynn-DaPC" duration="00:00:00.0001917" startTime="2025-07-09T02:54:30.2542477+10:00" endTime="2025-07-09T02:54:30.2542478+10:00" testType="13cdc9d9-ddb5-4fa4-a97d-d965ccfc6d4b" outcome="Passed" testListId="8c84fa94-04c1-424b-9868-57a2d4851a1d" relativeResultsDirectory="2003f219-72f3-4dc4-a27c-abcc6ff24926" />
    <UnitTestResult executionId="4b5994df-a955-468a-b37a-6c2d071fb46e" testId="ebd5c59e-1cbc-dab5-4e7e-96e2b5471cb0" testName="VaultNotary.UnitTests.Infrastructure.EfDocumentRepositoryTests.GetByNotaryDateRangeAsync_ShouldReturnDocumentsInRange" computerName="Flynn-DaPC" duration="00:00:00.0134389" startTime="2025-07-09T02:54:30.8241791+10:00" endTime="2025-07-09T02:54:30.8241792+10:00" testType="13cdc9d9-ddb5-4fa4-a97d-d965ccfc6d4b" outcome="Passed" testListId="8c84fa94-04c1-424b-9868-57a2d4851a1d" relativeResultsDirectory="4b5994df-a955-468a-b37a-6c2d071fb46e" />
    <UnitTestResult executionId="d107cc25-8f89-4013-8d4a-be64de1ae3f1" testId="b8b7e93f-a0c8-b037-9315-13ba9c8eff12" testName="VaultNotary.UnitTests.Domain.Entities.CustomerTests.CustomerType_ShouldHave_CorrectValues" computerName="Flynn-DaPC" duration="00:00:00.0056546" startTime="2025-07-09T02:54:30.2103693+10:00" endTime="2025-07-09T02:54:30.2104377+10:00" testType="13cdc9d9-ddb5-4fa4-a97d-d965ccfc6d4b" outcome="Passed" testListId="8c84fa94-04c1-424b-9868-57a2d4851a1d" relativeResultsDirectory="d107cc25-8f89-4013-8d4a-be64de1ae3f1" />
    <UnitTestResult executionId="cb5e6a2d-395e-4ba2-b4df-b28520700781" testId="e7f888cb-eab3-1a55-af0e-16d02b8717b7" testName="VaultNotary.UnitTests.Infrastructure.EfDocumentRepositoryTests.CreateAsync_ShouldCreateDocument_WhenValidDataProvided" computerName="Flynn-DaPC" duration="00:00:00.0007305" startTime="2025-07-09T02:54:30.9033428+10:00" endTime="2025-07-09T02:54:30.9033429+10:00" testType="13cdc9d9-ddb5-4fa4-a97d-d965ccfc6d4b" outcome="Passed" testListId="8c84fa94-04c1-424b-9868-57a2d4851a1d" relativeResultsDirectory="cb5e6a2d-395e-4ba2-b4df-b28520700781" />
  </Results>
  <TestDefinitions>
    <UnitTest name="VaultNotary.UnitTests.Infrastructure.EfDocumentRepositoryTests.CreateAsync_ShouldHandleSpecialCharacters_InFields" storage="/home/flynn/code/vaultnotary/backend/tests/vaultnotary.unittests/bin/debug/net8.0/vaultnotary.unittests.dll" id="bf7a6d04-5c72-8c24-65f2-9dbcb9313700">
      <Execution id="9c8241bd-00c7-44a3-ba31-0e2a0709f6d0" />
      <TestMethod codeBase="/home/flynn/code/vaultNotary/backend/tests/VaultNotary.UnitTests/bin/Debug/net8.0/VaultNotary.UnitTests.dll" adapterTypeName="executor://xunit/VsTestRunner2/netcoreapp" className="VaultNotary.UnitTests.Infrastructure.EfDocumentRepositoryTests" name="CreateAsync_ShouldHandleSpecialCharacters_InFields" />
    </UnitTest>
    <UnitTest name="VaultNotary.UnitTests.Infrastructure.EfCustomerRepositoryTests.GetByIdAsync_ShouldReturnCustomer_WhenExists" storage="/home/flynn/code/vaultnotary/backend/tests/vaultnotary.unittests/bin/debug/net8.0/vaultnotary.unittests.dll" id="0e2e8536-99f5-2267-ab56-6f2625844e4c">
      <Execution id="189dc825-0b23-47d8-8b96-48feee9ae37d" />
      <TestMethod codeBase="/home/flynn/code/vaultNotary/backend/tests/VaultNotary.UnitTests/bin/Debug/net8.0/VaultNotary.UnitTests.dll" adapterTypeName="executor://xunit/VsTestRunner2/netcoreapp" className="VaultNotary.UnitTests.Infrastructure.EfCustomerRepositoryTests" name="GetByIdAsync_ShouldReturnCustomer_WhenExists" />
    </UnitTest>
    <UnitTest name="VaultNotary.UnitTests.Application.Services.CustomerServiceTests.DetectDuplicatesAsync_ShouldReturnDuplicates_WhenFound" storage="/home/flynn/code/vaultnotary/backend/tests/vaultnotary.unittests/bin/debug/net8.0/vaultnotary.unittests.dll" id="d1d26a59-6866-8cf4-9170-50d7a8aa5b14">
      <Execution id="8d50cb47-a330-466c-ab80-e7b710da60c1" />
      <TestMethod codeBase="/home/flynn/code/vaultNotary/backend/tests/VaultNotary.UnitTests/bin/Debug/net8.0/VaultNotary.UnitTests.dll" adapterTypeName="executor://xunit/VsTestRunner2/netcoreapp" className="VaultNotary.UnitTests.Application.Services.CustomerServiceTests" name="DetectDuplicatesAsync_ShouldReturnDuplicates_WhenFound" />
    </UnitTest>
    <UnitTest name="VaultNotary.UnitTests.Infrastructure.EfDocumentRepositoryTests.GetAllAsync_ShouldReturnAllDocuments" storage="/home/flynn/code/vaultnotary/backend/tests/vaultnotary.unittests/bin/debug/net8.0/vaultnotary.unittests.dll" id="abd9fe39-3eef-2fa5-8b0b-aef80c89da07">
      <Execution id="07507d46-a4a4-4b05-abfc-fe4ea997ff57" />
      <TestMethod codeBase="/home/flynn/code/vaultNotary/backend/tests/VaultNotary.UnitTests/bin/Debug/net8.0/VaultNotary.UnitTests.dll" adapterTypeName="executor://xunit/VsTestRunner2/netcoreapp" className="VaultNotary.UnitTests.Infrastructure.EfDocumentRepositoryTests" name="GetAllAsync_ShouldReturnAllDocuments" />
    </UnitTest>
    <UnitTest name="VaultNotary.UnitTests.Infrastructure.EfDocumentRepositoryTests.ExistsAsync_ShouldReturnFalse_WhenDocumentNotExists" storage="/home/flynn/code/vaultnotary/backend/tests/vaultnotary.unittests/bin/debug/net8.0/vaultnotary.unittests.dll" id="bb72d025-768b-76b2-f208-13636a525d03">
      <Execution id="3b79b3c1-aba1-477a-b783-ab500e5c496d" />
      <TestMethod codeBase="/home/flynn/code/vaultNotary/backend/tests/VaultNotary.UnitTests/bin/Debug/net8.0/VaultNotary.UnitTests.dll" adapterTypeName="executor://xunit/VsTestRunner2/netcoreapp" className="VaultNotary.UnitTests.Infrastructure.EfDocumentRepositoryTests" name="ExistsAsync_ShouldReturnFalse_WhenDocumentNotExists" />
    </UnitTest>
    <UnitTest name="VaultNotary.UnitTests.Infrastructure.EfCustomerRepositoryTests.UpdateAsync_ShouldUpdateCustomer_WhenExists" storage="/home/flynn/code/vaultnotary/backend/tests/vaultnotary.unittests/bin/debug/net8.0/vaultnotary.unittests.dll" id="4ffd0e3d-13b1-6203-f106-aa000d876033">
      <Execution id="a801c38a-341b-4a1d-8780-ff1a4ffe3a51" />
      <TestMethod codeBase="/home/flynn/code/vaultNotary/backend/tests/VaultNotary.UnitTests/bin/Debug/net8.0/VaultNotary.UnitTests.dll" adapterTypeName="executor://xunit/VsTestRunner2/netcoreapp" className="VaultNotary.UnitTests.Infrastructure.EfCustomerRepositoryTests" name="UpdateAsync_ShouldUpdateCustomer_WhenExists" />
    </UnitTest>
    <UnitTest name="VaultNotary.UnitTests.Infrastructure.Services.HashServiceTests.ComputeSha256HashAsync_WithByteArray_ShouldReturnCorrectHash" storage="/home/flynn/code/vaultnotary/backend/tests/vaultnotary.unittests/bin/debug/net8.0/vaultnotary.unittests.dll" id="4b9844f8-0562-752b-e5e6-10481fcc4865">
      <Execution id="8592ae11-7e6e-45cc-86fd-42be4fb53493" />
      <TestMethod codeBase="/home/flynn/code/vaultNotary/backend/tests/VaultNotary.UnitTests/bin/Debug/net8.0/VaultNotary.UnitTests.dll" adapterTypeName="executor://xunit/VsTestRunner2/netcoreapp" className="VaultNotary.UnitTests.Infrastructure.Services.HashServiceTests" name="ComputeSha256HashAsync_WithByteArray_ShouldReturnCorrectHash" />
    </UnitTest>
    <UnitTest name="VaultNotary.UnitTests.Infrastructure.EfCustomerRepositoryTests.GetAllAsync_ShouldReturnAllCustomers_OrderedByName" storage="/home/flynn/code/vaultnotary/backend/tests/vaultnotary.unittests/bin/debug/net8.0/vaultnotary.unittests.dll" id="307bd208-022f-67d4-552a-2144ffe20347">
      <Execution id="08898fa0-c218-42f4-8a33-51ba77373f61" />
      <TestMethod codeBase="/home/flynn/code/vaultNotary/backend/tests/VaultNotary.UnitTests/bin/Debug/net8.0/VaultNotary.UnitTests.dll" adapterTypeName="executor://xunit/VsTestRunner2/netcoreapp" className="VaultNotary.UnitTests.Infrastructure.EfCustomerRepositoryTests" name="GetAllAsync_ShouldReturnAllCustomers_OrderedByName" />
    </UnitTest>
    <UnitTest name="VaultNotary.UnitTests.Infrastructure.EfDocumentRepositoryTests.GetByIdAsync_ShouldReturnDocument_WhenExists" storage="/home/flynn/code/vaultnotary/backend/tests/vaultnotary.unittests/bin/debug/net8.0/vaultnotary.unittests.dll" id="5dfb96d3-dd69-e1d6-231a-7317211506a6">
      <Execution id="d2c4c49a-38c1-4262-91d0-a0e9a0f9f3e5" />
      <TestMethod codeBase="/home/flynn/code/vaultNotary/backend/tests/VaultNotary.UnitTests/bin/Debug/net8.0/VaultNotary.UnitTests.dll" adapterTypeName="executor://xunit/VsTestRunner2/netcoreapp" className="VaultNotary.UnitTests.Infrastructure.EfDocumentRepositoryTests" name="GetByIdAsync_ShouldReturnDocument_WhenExists" />
    </UnitTest>
    <UnitTest name="VaultNotary.UnitTests.Infrastructure.EfCustomerRepositoryTests.Repository_ShouldHandleLargeDatasets" storage="/home/flynn/code/vaultnotary/backend/tests/vaultnotary.unittests/bin/debug/net8.0/vaultnotary.unittests.dll" id="fe54ed28-d79b-c928-04e2-77818f7ea134">
      <Execution id="6086b9ce-7bb2-4d30-9043-a31678b7c486" />
      <TestMethod codeBase="/home/flynn/code/vaultNotary/backend/tests/VaultNotary.UnitTests/bin/Debug/net8.0/VaultNotary.UnitTests.dll" adapterTypeName="executor://xunit/VsTestRunner2/netcoreapp" className="VaultNotary.UnitTests.Infrastructure.EfCustomerRepositoryTests" name="Repository_ShouldHandleLargeDatasets" />
    </UnitTest>
    <UnitTest name="VaultNotary.UnitTests.Infrastructure.EfCustomerRepositoryTests.CreateAsync_ShouldThrowException_WhenCustomerWithSameIdExists" storage="/home/flynn/code/vaultnotary/backend/tests/vaultnotary.unittests/bin/debug/net8.0/vaultnotary.unittests.dll" id="d9c5cd29-3225-c901-6aa7-fd5e3ac6900c">
      <Execution id="d0a207a7-59f1-4d8f-a91d-3d630285cc2a" />
      <TestMethod codeBase="/home/flynn/code/vaultNotary/backend/tests/VaultNotary.UnitTests/bin/Debug/net8.0/VaultNotary.UnitTests.dll" adapterTypeName="executor://xunit/VsTestRunner2/netcoreapp" className="VaultNotary.UnitTests.Infrastructure.EfCustomerRepositoryTests" name="CreateAsync_ShouldThrowException_WhenCustomerWithSameIdExists" />
    </UnitTest>
    <UnitTest name="VaultNotary.UnitTests.Infrastructure.EfDocumentRepositoryTests.Repository_ShouldHandleLargeDatasets" storage="/home/flynn/code/vaultnotary/backend/tests/vaultnotary.unittests/bin/debug/net8.0/vaultnotary.unittests.dll" id="b39827fa-1c5e-eab7-0268-f5d5afa6279b">
      <Execution id="192d21a7-49ba-4969-9d79-8883838fc841" />
      <TestMethod codeBase="/home/flynn/code/vaultNotary/backend/tests/VaultNotary.UnitTests/bin/Debug/net8.0/VaultNotary.UnitTests.dll" adapterTypeName="executor://xunit/VsTestRunner2/netcoreapp" className="VaultNotary.UnitTests.Infrastructure.EfDocumentRepositoryTests" name="Repository_ShouldHandleLargeDatasets" />
    </UnitTest>
    <UnitTest name="VaultNotary.UnitTests.Infrastructure.EfCustomerRepositoryTests.CreateAsync_ShouldHandleSpecialCharacters_InNames" storage="/home/flynn/code/vaultnotary/backend/tests/vaultnotary.unittests/bin/debug/net8.0/vaultnotary.unittests.dll" id="3ed76e1d-1c6f-b356-7396-d35c933a5d12">
      <Execution id="14d76fb9-3bcd-4931-afeb-66a71145b374" />
      <TestMethod codeBase="/home/flynn/code/vaultNotary/backend/tests/VaultNotary.UnitTests/bin/Debug/net8.0/VaultNotary.UnitTests.dll" adapterTypeName="executor://xunit/VsTestRunner2/netcoreapp" className="VaultNotary.UnitTests.Infrastructure.EfCustomerRepositoryTests" name="CreateAsync_ShouldHandleSpecialCharacters_InNames" />
    </UnitTest>
    <UnitTest name="VaultNotary.UnitTests.Infrastructure.EfCustomerRepositoryTests.GetByIdAsync_ShouldReturnNull_WhenNotExists" storage="/home/flynn/code/vaultnotary/backend/tests/vaultnotary.unittests/bin/debug/net8.0/vaultnotary.unittests.dll" id="e2dd5144-457e-7bff-a018-9bc3286aa49a">
      <Execution id="a613083e-4ee4-4437-b438-496c0f2af503" />
      <TestMethod codeBase="/home/flynn/code/vaultNotary/backend/tests/VaultNotary.UnitTests/bin/Debug/net8.0/VaultNotary.UnitTests.dll" adapterTypeName="executor://xunit/VsTestRunner2/netcoreapp" className="VaultNotary.UnitTests.Infrastructure.EfCustomerRepositoryTests" name="GetByIdAsync_ShouldReturnNull_WhenNotExists" />
    </UnitTest>
    <UnitTest name="VaultNotary.UnitTests.Infrastructure.EfCustomerRepositoryTests.ExistsAsync_ShouldReturnFalse_WhenCustomerNotExists" storage="/home/flynn/code/vaultnotary/backend/tests/vaultnotary.unittests/bin/debug/net8.0/vaultnotary.unittests.dll" id="a63a5fe4-ceee-eee0-7fd4-02925a521221">
      <Execution id="38879cd1-ea7d-4105-8491-734719fc27f6" />
      <TestMethod codeBase="/home/flynn/code/vaultNotary/backend/tests/VaultNotary.UnitTests/bin/Debug/net8.0/VaultNotary.UnitTests.dll" adapterTypeName="executor://xunit/VsTestRunner2/netcoreapp" className="VaultNotary.UnitTests.Infrastructure.EfCustomerRepositoryTests" name="ExistsAsync_ShouldReturnFalse_WhenCustomerNotExists" />
    </UnitTest>
    <UnitTest name="VaultNotary.UnitTests.Infrastructure.EfDocumentRepositoryTests.GetByHashAsync_ShouldReturnNull_WhenNoMatchingHash" storage="/home/flynn/code/vaultnotary/backend/tests/vaultnotary.unittests/bin/debug/net8.0/vaultnotary.unittests.dll" id="37d65448-1662-2551-1559-c5c196553f51">
      <Execution id="0813e62c-5cac-4c88-b8ea-7e98e6c37aa2" />
      <TestMethod codeBase="/home/flynn/code/vaultNotary/backend/tests/VaultNotary.UnitTests/bin/Debug/net8.0/VaultNotary.UnitTests.dll" adapterTypeName="executor://xunit/VsTestRunner2/netcoreapp" className="VaultNotary.UnitTests.Infrastructure.EfDocumentRepositoryTests" name="GetByHashAsync_ShouldReturnNull_WhenNoMatchingHash" />
    </UnitTest>
    <UnitTest name="VaultNotary.UnitTests.Domain.Entities.DocumentTests.Document_ShouldInitialize_WithDefaultValues" storage="/home/flynn/code/vaultnotary/backend/tests/vaultnotary.unittests/bin/debug/net8.0/vaultnotary.unittests.dll" id="394397b7-5809-ceed-8f63-5845032ef263">
      <Execution id="0e37c935-6b78-4053-9ce5-c24fc67f6d65" />
      <TestMethod codeBase="/home/flynn/code/vaultNotary/backend/tests/VaultNotary.UnitTests/bin/Debug/net8.0/VaultNotary.UnitTests.dll" adapterTypeName="executor://xunit/VsTestRunner2/netcoreapp" className="VaultNotary.UnitTests.Domain.Entities.DocumentTests" name="Document_ShouldInitialize_WithDefaultValues" />
    </UnitTest>
    <UnitTest name="VaultNotary.UnitTests.Infrastructure.EfCustomerRepositoryTests.UpdateAsync_ShouldThrowException_WhenCustomerNotExists" storage="/home/flynn/code/vaultnotary/backend/tests/vaultnotary.unittests/bin/debug/net8.0/vaultnotary.unittests.dll" id="d839dbff-7aa8-dd16-7394-c11d568a8000">
      <Execution id="720e2fdf-dc94-4dce-97ec-d2d8fb5e4544" />
      <TestMethod codeBase="/home/flynn/code/vaultNotary/backend/tests/VaultNotary.UnitTests/bin/Debug/net8.0/VaultNotary.UnitTests.dll" adapterTypeName="executor://xunit/VsTestRunner2/netcoreapp" className="VaultNotary.UnitTests.Infrastructure.EfCustomerRepositoryTests" name="UpdateAsync_ShouldThrowException_WhenCustomerNotExists" />
    </UnitTest>
    <UnitTest name="VaultNotary.UnitTests.Infrastructure.EfDocumentRepositoryTests.ExistsAsync_ShouldReturnTrue_WhenDocumentExists" storage="/home/flynn/code/vaultnotary/backend/tests/vaultnotary.unittests/bin/debug/net8.0/vaultnotary.unittests.dll" id="cf51ce0f-2f0f-7935-fb08-4d5b6db635da">
      <Execution id="080af8ca-ff7a-43a1-bd57-30c063ee840d" />
      <TestMethod codeBase="/home/flynn/code/vaultNotary/backend/tests/VaultNotary.UnitTests/bin/Debug/net8.0/VaultNotary.UnitTests.dll" adapterTypeName="executor://xunit/VsTestRunner2/netcoreapp" className="VaultNotary.UnitTests.Infrastructure.EfDocumentRepositoryTests" name="ExistsAsync_ShouldReturnTrue_WhenDocumentExists" />
    </UnitTest>
    <UnitTest name="VaultNotary.UnitTests.Infrastructure.EfCustomerRepositoryTests.CreateAsync_ShouldHandleBusinessCustomer" storage="/home/flynn/code/vaultnotary/backend/tests/vaultnotary.unittests/bin/debug/net8.0/vaultnotary.unittests.dll" id="b965df6b-31c8-65ef-981a-d49e7013be88">
      <Execution id="21aadc69-94ff-4030-bb87-0b40f8982c2e" />
      <TestMethod codeBase="/home/flynn/code/vaultNotary/backend/tests/VaultNotary.UnitTests/bin/Debug/net8.0/VaultNotary.UnitTests.dll" adapterTypeName="executor://xunit/VsTestRunner2/netcoreapp" className="VaultNotary.UnitTests.Infrastructure.EfCustomerRepositoryTests" name="CreateAsync_ShouldHandleBusinessCustomer" />
    </UnitTest>
    <UnitTest name="VaultNotary.UnitTests.Application.Services.CustomerServiceTests.UpdateAsync_ShouldCallRepository_WhenCustomerExists" storage="/home/flynn/code/vaultnotary/backend/tests/vaultnotary.unittests/bin/debug/net8.0/vaultnotary.unittests.dll" id="50c7dd02-ab2c-9318-e1c9-0ed531acf36b">
      <Execution id="801d4140-9c17-44e5-b4b5-3a447408b3c3" />
      <TestMethod codeBase="/home/flynn/code/vaultNotary/backend/tests/VaultNotary.UnitTests/bin/Debug/net8.0/VaultNotary.UnitTests.dll" adapterTypeName="executor://xunit/VsTestRunner2/netcoreapp" className="VaultNotary.UnitTests.Application.Services.CustomerServiceTests" name="UpdateAsync_ShouldCallRepository_WhenCustomerExists" />
    </UnitTest>
    <UnitTest name="VaultNotary.UnitTests.Infrastructure.EfDocumentRepositoryTests.DeleteAsync_ShouldDeleteDocument_WhenExists" storage="/home/flynn/code/vaultnotary/backend/tests/vaultnotary.unittests/bin/debug/net8.0/vaultnotary.unittests.dll" id="79c400a0-f4bc-7982-0a39-332eda366218">
      <Execution id="212a1b32-d8d1-4e95-90ff-60bbfa35dd6c" />
      <TestMethod codeBase="/home/flynn/code/vaultNotary/backend/tests/VaultNotary.UnitTests/bin/Debug/net8.0/VaultNotary.UnitTests.dll" adapterTypeName="executor://xunit/VsTestRunner2/netcoreapp" className="VaultNotary.UnitTests.Infrastructure.EfDocumentRepositoryTests" name="DeleteAsync_ShouldDeleteDocument_WhenExists" />
    </UnitTest>
    <UnitTest name="VaultNotary.UnitTests.Application.Services.CustomerServiceTests.SearchByIdentityAsync_ShouldReturnCustomers_WhenMatchesFound" storage="/home/flynn/code/vaultnotary/backend/tests/vaultnotary.unittests/bin/debug/net8.0/vaultnotary.unittests.dll" id="05fcc321-4235-ba1d-e4d1-4e3e6d865826">
      <Execution id="3a432622-4326-4846-91ad-add05494e032" />
      <TestMethod codeBase="/home/flynn/code/vaultNotary/backend/tests/VaultNotary.UnitTests/bin/Debug/net8.0/VaultNotary.UnitTests.dll" adapterTypeName="executor://xunit/VsTestRunner2/netcoreapp" className="VaultNotary.UnitTests.Application.Services.CustomerServiceTests" name="SearchByIdentityAsync_ShouldReturnCustomers_WhenMatchesFound" />
    </UnitTest>
    <UnitTest name="VaultNotary.UnitTests.Infrastructure.EfDocumentRepositoryTests.SearchAsync_ShouldReturnMatchingDocuments" storage="/home/flynn/code/vaultnotary/backend/tests/vaultnotary.unittests/bin/debug/net8.0/vaultnotary.unittests.dll" id="d3d84a57-b772-3814-1b36-946afc949410">
      <Execution id="fdd945ab-d3eb-4cdd-b36b-bbd5108f189b" />
      <TestMethod codeBase="/home/flynn/code/vaultNotary/backend/tests/VaultNotary.UnitTests/bin/Debug/net8.0/VaultNotary.UnitTests.dll" adapterTypeName="executor://xunit/VsTestRunner2/netcoreapp" className="VaultNotary.UnitTests.Infrastructure.EfDocumentRepositoryTests" name="SearchAsync_ShouldReturnMatchingDocuments" />
    </UnitTest>
    <UnitTest name="VaultNotary.UnitTests.Infrastructure.EfCustomerRepositoryTests.ExistsAsync_ShouldReturnTrue_WhenCustomerExists" storage="/home/flynn/code/vaultnotary/backend/tests/vaultnotary.unittests/bin/debug/net8.0/vaultnotary.unittests.dll" id="0c451fc5-d54f-536e-a376-4f7a2805e2aa">
      <Execution id="18139ea6-0899-48d9-89dc-837e90966aaf" />
      <TestMethod codeBase="/home/flynn/code/vaultNotary/backend/tests/VaultNotary.UnitTests/bin/Debug/net8.0/VaultNotary.UnitTests.dll" adapterTypeName="executor://xunit/VsTestRunner2/netcoreapp" className="VaultNotary.UnitTests.Infrastructure.EfCustomerRepositoryTests" name="ExistsAsync_ShouldReturnTrue_WhenCustomerExists" />
    </UnitTest>
    <UnitTest name="VaultNotary.UnitTests.Application.Services.CustomerServiceTests.UpdateAsync_ShouldThrowException_WhenCustomerDoesNotExist" storage="/home/flynn/code/vaultnotary/backend/tests/vaultnotary.unittests/bin/debug/net8.0/vaultnotary.unittests.dll" id="401b253a-c4ba-82e2-212c-fbd93d6395db">
      <Execution id="20dbacd5-e4ff-4e6f-8061-e02cc7dc7786" />
      <TestMethod codeBase="/home/flynn/code/vaultNotary/backend/tests/VaultNotary.UnitTests/bin/Debug/net8.0/VaultNotary.UnitTests.dll" adapterTypeName="executor://xunit/VsTestRunner2/netcoreapp" className="VaultNotary.UnitTests.Application.Services.CustomerServiceTests" name="UpdateAsync_ShouldThrowException_WhenCustomerDoesNotExist" />
    </UnitTest>
    <UnitTest name="VaultNotary.UnitTests.Infrastructure.EfDocumentRepositoryTests.UpdateAsync_ShouldThrowException_WhenDocumentNotExists" storage="/home/flynn/code/vaultnotary/backend/tests/vaultnotary.unittests/bin/debug/net8.0/vaultnotary.unittests.dll" id="5dc00981-9acd-f9f0-20d4-e2a5da8bd6af">
      <Execution id="c08ff012-c59a-478c-a695-26e4ff85cc15" />
      <TestMethod codeBase="/home/flynn/code/vaultNotary/backend/tests/VaultNotary.UnitTests/bin/Debug/net8.0/VaultNotary.UnitTests.dll" adapterTypeName="executor://xunit/VsTestRunner2/netcoreapp" className="VaultNotary.UnitTests.Infrastructure.EfDocumentRepositoryTests" name="UpdateAsync_ShouldThrowException_WhenDocumentNotExists" />
    </UnitTest>
    <UnitTest name="VaultNotary.UnitTests.Infrastructure.EfCustomerRepositoryTests.CreateAsync_ShouldCreateCustomer_WhenValidDataProvided" storage="/home/flynn/code/vaultnotary/backend/tests/vaultnotary.unittests/bin/debug/net8.0/vaultnotary.unittests.dll" id="e2397b66-2d56-1c90-f08a-f08ae995c1dc">
      <Execution id="17d09da8-e778-474c-9308-a0aa8e09f9de" />
      <TestMethod codeBase="/home/flynn/code/vaultNotary/backend/tests/VaultNotary.UnitTests/bin/Debug/net8.0/VaultNotary.UnitTests.dll" adapterTypeName="executor://xunit/VsTestRunner2/netcoreapp" className="VaultNotary.UnitTests.Infrastructure.EfCustomerRepositoryTests" name="CreateAsync_ShouldCreateCustomer_WhenValidDataProvided" />
    </UnitTest>
    <UnitTest name="VaultNotary.UnitTests.Application.Services.CustomerServiceTests.GetByIdAsync_ShouldReturnCustomerDto_WhenCustomerExists" storage="/home/flynn/code/vaultnotary/backend/tests/vaultnotary.unittests/bin/debug/net8.0/vaultnotary.unittests.dll" id="96e0c38c-4d22-2d09-7bca-8e39be2bdfa8">
      <Execution id="0b65bfaf-46f7-4830-8079-44225a4f38fb" />
      <TestMethod codeBase="/home/flynn/code/vaultNotary/backend/tests/VaultNotary.UnitTests/bin/Debug/net8.0/VaultNotary.UnitTests.dll" adapterTypeName="executor://xunit/VsTestRunner2/netcoreapp" className="VaultNotary.UnitTests.Application.Services.CustomerServiceTests" name="GetByIdAsync_ShouldReturnCustomerDto_WhenCustomerExists" />
    </UnitTest>
    <UnitTest name="VaultNotary.UnitTests.Domain.Entities.DocumentTests.Document_ShouldSetProperties_Correctly" storage="/home/flynn/code/vaultnotary/backend/tests/vaultnotary.unittests/bin/debug/net8.0/vaultnotary.unittests.dll" id="22c27806-7894-a040-0413-05f5b9836ec1">
      <Execution id="2c451409-91e2-4d2f-bcb0-61661c9cab80" />
      <TestMethod codeBase="/home/flynn/code/vaultNotary/backend/tests/VaultNotary.UnitTests/bin/Debug/net8.0/VaultNotary.UnitTests.dll" adapterTypeName="executor://xunit/VsTestRunner2/netcoreapp" className="VaultNotary.UnitTests.Domain.Entities.DocumentTests" name="Document_ShouldSetProperties_Correctly" />
    </UnitTest>
    <UnitTest name="VaultNotary.UnitTests.Infrastructure.EfDocumentRepositoryTests.UpdateAsync_ShouldUpdateDocument_WhenExists" storage="/home/flynn/code/vaultnotary/backend/tests/vaultnotary.unittests/bin/debug/net8.0/vaultnotary.unittests.dll" id="e7a2c789-9890-31c6-73aa-39eb8361d58f">
      <Execution id="e4dd1b4a-810e-43e4-a31d-cc603656915c" />
      <TestMethod codeBase="/home/flynn/code/vaultNotary/backend/tests/VaultNotary.UnitTests/bin/Debug/net8.0/VaultNotary.UnitTests.dll" adapterTypeName="executor://xunit/VsTestRunner2/netcoreapp" className="VaultNotary.UnitTests.Infrastructure.EfDocumentRepositoryTests" name="UpdateAsync_ShouldUpdateDocument_WhenExists" />
    </UnitTest>
    <UnitTest name="VaultNotary.UnitTests.Infrastructure.EfCustomerRepositoryTests.Repository_ShouldMaintainDataIntegrity_DuringComplexOperations" storage="/home/flynn/code/vaultnotary/backend/tests/vaultnotary.unittests/bin/debug/net8.0/vaultnotary.unittests.dll" id="e3def3b9-3f87-9903-1511-45ab96f293f3">
      <Execution id="5e593112-e292-4229-b950-d3a92815f496" />
      <TestMethod codeBase="/home/flynn/code/vaultNotary/backend/tests/VaultNotary.UnitTests/bin/Debug/net8.0/VaultNotary.UnitTests.dll" adapterTypeName="executor://xunit/VsTestRunner2/netcoreapp" className="VaultNotary.UnitTests.Infrastructure.EfCustomerRepositoryTests" name="Repository_ShouldMaintainDataIntegrity_DuringComplexOperations" />
    </UnitTest>
    <UnitTest name="VaultNotary.UnitTests.Infrastructure.EfCustomerRepositoryTests.GetByPassportIdAsync_ShouldReturnCustomer_WhenExists" storage="/home/flynn/code/vaultnotary/backend/tests/vaultnotary.unittests/bin/debug/net8.0/vaultnotary.unittests.dll" id="c5657018-f55b-2642-bd48-6d7531069536">
      <Execution id="3d774fa9-d337-4061-9cfb-8146dda56b42" />
      <TestMethod codeBase="/home/flynn/code/vaultNotary/backend/tests/VaultNotary.UnitTests/bin/Debug/net8.0/VaultNotary.UnitTests.dll" adapterTypeName="executor://xunit/VsTestRunner2/netcoreapp" className="VaultNotary.UnitTests.Infrastructure.EfCustomerRepositoryTests" name="GetByPassportIdAsync_ShouldReturnCustomer_WhenExists" />
    </UnitTest>
    <UnitTest name="VaultNotary.UnitTests.Infrastructure.EfCustomerRepositoryTests.DeleteAsync_ShouldNotThrow_WhenCustomerNotExists" storage="/home/flynn/code/vaultnotary/backend/tests/vaultnotary.unittests/bin/debug/net8.0/vaultnotary.unittests.dll" id="de2da7fe-7d82-4bfa-7387-50022c7ad055">
      <Execution id="cff88b6f-2d0f-4403-b5d4-b2c08d5d462a" />
      <TestMethod codeBase="/home/flynn/code/vaultNotary/backend/tests/VaultNotary.UnitTests/bin/Debug/net8.0/VaultNotary.UnitTests.dll" adapterTypeName="executor://xunit/VsTestRunner2/netcoreapp" className="VaultNotary.UnitTests.Infrastructure.EfCustomerRepositoryTests" name="DeleteAsync_ShouldNotThrow_WhenCustomerNotExists" />
    </UnitTest>
    <UnitTest name="VaultNotary.UnitTests.Infrastructure.EfCustomerRepositoryTests.Repository_ShouldHandleConcurrentOperations" storage="/home/flynn/code/vaultnotary/backend/tests/vaultnotary.unittests/bin/debug/net8.0/vaultnotary.unittests.dll" id="6a85ffa8-fcdf-7e1c-3af2-8e0f097e750d">
      <Execution id="fc471490-734b-423f-abf0-256242a42438" />
      <TestMethod codeBase="/home/flynn/code/vaultNotary/backend/tests/VaultNotary.UnitTests/bin/Debug/net8.0/VaultNotary.UnitTests.dll" adapterTypeName="executor://xunit/VsTestRunner2/netcoreapp" className="VaultNotary.UnitTests.Infrastructure.EfCustomerRepositoryTests" name="Repository_ShouldHandleConcurrentOperations" />
    </UnitTest>
    <UnitTest name="VaultNotary.UnitTests.Application.Services.CustomerServiceTests.GetByIdAsync_ShouldReturnNull_WhenCustomerDoesNotExist" storage="/home/flynn/code/vaultnotary/backend/tests/vaultnotary.unittests/bin/debug/net8.0/vaultnotary.unittests.dll" id="eefe2feb-b68b-0307-bcf4-0f69eb55d52d">
      <Execution id="59be786e-78be-4184-92bc-12b9e4be693a" />
      <TestMethod codeBase="/home/flynn/code/vaultNotary/backend/tests/VaultNotary.UnitTests/bin/Debug/net8.0/VaultNotary.UnitTests.dll" adapterTypeName="executor://xunit/VsTestRunner2/netcoreapp" className="VaultNotary.UnitTests.Application.Services.CustomerServiceTests" name="GetByIdAsync_ShouldReturnNull_WhenCustomerDoesNotExist" />
    </UnitTest>
    <UnitTest name="VaultNotary.UnitTests.Infrastructure.EfCustomerRepositoryTests.SearchByIdentityAsync_ShouldReturnMatchingCustomers" storage="/home/flynn/code/vaultnotary/backend/tests/vaultnotary.unittests/bin/debug/net8.0/vaultnotary.unittests.dll" id="7ccd4740-275c-61ce-f5c7-0ee793b6d229">
      <Execution id="8c82e1b7-eb61-4ded-8ec6-438e5b9d8e2c" />
      <TestMethod codeBase="/home/flynn/code/vaultNotary/backend/tests/VaultNotary.UnitTests/bin/Debug/net8.0/VaultNotary.UnitTests.dll" adapterTypeName="executor://xunit/VsTestRunner2/netcoreapp" className="VaultNotary.UnitTests.Infrastructure.EfCustomerRepositoryTests" name="SearchByIdentityAsync_ShouldReturnMatchingCustomers" />
    </UnitTest>
    <UnitTest name="VaultNotary.UnitTests.Infrastructure.EfCustomerRepositoryTests.Repository_ShouldHandleDifferentCustomerTypes" storage="/home/flynn/code/vaultnotary/backend/tests/vaultnotary.unittests/bin/debug/net8.0/vaultnotary.unittests.dll" id="5b0b055e-76f2-fc36-20fa-35fcb9227acb">
      <Execution id="a98e7f47-2dc1-40e4-981b-7cf56c5aa381" />
      <TestMethod codeBase="/home/flynn/code/vaultNotary/backend/tests/VaultNotary.UnitTests/bin/Debug/net8.0/VaultNotary.UnitTests.dll" adapterTypeName="executor://xunit/VsTestRunner2/netcoreapp" className="VaultNotary.UnitTests.Infrastructure.EfCustomerRepositoryTests" name="Repository_ShouldHandleDifferentCustomerTypes" />
    </UnitTest>
    <UnitTest name="VaultNotary.UnitTests.Infrastructure.EfDocumentRepositoryTests.GetByHashAsync_ShouldReturnNull_WhenNotExists" storage="/home/flynn/code/vaultnotary/backend/tests/vaultnotary.unittests/bin/debug/net8.0/vaultnotary.unittests.dll" id="a69214a6-caf7-dea8-00a1-32d667d7b600">
      <Execution id="7c28370c-5a32-4b8c-b94b-17e2fb5ffa0b" />
      <TestMethod codeBase="/home/flynn/code/vaultNotary/backend/tests/VaultNotary.UnitTests/bin/Debug/net8.0/VaultNotary.UnitTests.dll" adapterTypeName="executor://xunit/VsTestRunner2/netcoreapp" className="VaultNotary.UnitTests.Infrastructure.EfDocumentRepositoryTests" name="GetByHashAsync_ShouldReturnNull_WhenNotExists" />
    </UnitTest>
    <UnitTest name="VaultNotary.UnitTests.Infrastructure.EfDocumentRepositoryTests.GetByNotaryDateRangeAsync_ShouldHandleEdgeDates" storage="/home/flynn/code/vaultnotary/backend/tests/vaultnotary.unittests/bin/debug/net8.0/vaultnotary.unittests.dll" id="461cfe1c-64db-1c39-098b-361d5e088b09">
      <Execution id="4d78bb45-0830-47c3-b456-9aad6d517050" />
      <TestMethod codeBase="/home/flynn/code/vaultNotary/backend/tests/VaultNotary.UnitTests/bin/Debug/net8.0/VaultNotary.UnitTests.dll" adapterTypeName="executor://xunit/VsTestRunner2/netcoreapp" className="VaultNotary.UnitTests.Infrastructure.EfDocumentRepositoryTests" name="GetByNotaryDateRangeAsync_ShouldHandleEdgeDates" />
    </UnitTest>
    <UnitTest name="VaultNotary.UnitTests.Infrastructure.EfDocumentRepositoryTests.Repository_ShouldHandleConcurrentOperations" storage="/home/flynn/code/vaultnotary/backend/tests/vaultnotary.unittests/bin/debug/net8.0/vaultnotary.unittests.dll" id="e8fbb99a-7ab9-80cb-de2f-bd6951de5d69">
      <Execution id="22cdf02f-847a-40cd-8072-4537efc0b9cc" />
      <TestMethod codeBase="/home/flynn/code/vaultNotary/backend/tests/VaultNotary.UnitTests/bin/Debug/net8.0/VaultNotary.UnitTests.dll" adapterTypeName="executor://xunit/VsTestRunner2/netcoreapp" className="VaultNotary.UnitTests.Infrastructure.EfDocumentRepositoryTests" name="Repository_ShouldHandleConcurrentOperations" />
    </UnitTest>
    <UnitTest name="VaultNotary.UnitTests.Infrastructure.EfCustomerRepositoryTests.SearchByIdentityAsync_ShouldHandleNullAndEmptyQueries" storage="/home/flynn/code/vaultnotary/backend/tests/vaultnotary.unittests/bin/debug/net8.0/vaultnotary.unittests.dll" id="510ce74e-25ac-3598-7d09-61680231ed45">
      <Execution id="3e3fd070-e890-4c15-8045-7cf92892542e" />
      <TestMethod codeBase="/home/flynn/code/vaultNotary/backend/tests/VaultNotary.UnitTests/bin/Debug/net8.0/VaultNotary.UnitTests.dll" adapterTypeName="executor://xunit/VsTestRunner2/netcoreapp" className="VaultNotary.UnitTests.Infrastructure.EfCustomerRepositoryTests" name="SearchByIdentityAsync_ShouldHandleNullAndEmptyQueries" />
    </UnitTest>
    <UnitTest name="VaultNotary.UnitTests.Infrastructure.EfDocumentRepositoryTests.SearchAsync_ShouldHandleEmptyAndNullQueries" storage="/home/flynn/code/vaultnotary/backend/tests/vaultnotary.unittests/bin/debug/net8.0/vaultnotary.unittests.dll" id="9e4e769d-1d83-c97c-c50b-64e8e774377d">
      <Execution id="1f606124-4493-4f46-b7ad-c42203e11b65" />
      <TestMethod codeBase="/home/flynn/code/vaultNotary/backend/tests/VaultNotary.UnitTests/bin/Debug/net8.0/VaultNotary.UnitTests.dll" adapterTypeName="executor://xunit/VsTestRunner2/netcoreapp" className="VaultNotary.UnitTests.Infrastructure.EfDocumentRepositoryTests" name="SearchAsync_ShouldHandleEmptyAndNullQueries" />
    </UnitTest>
    <UnitTest name="VaultNotary.UnitTests.Domain.Entities.CustomerTests.Customer_ShouldInitialize_WithDefaultValues" storage="/home/flynn/code/vaultnotary/backend/tests/vaultnotary.unittests/bin/debug/net8.0/vaultnotary.unittests.dll" id="775df57f-6001-8eec-9333-a25d5f9c4cc7">
      <Execution id="ab62a778-ad6c-4634-ac6a-ea0372bec5cd" />
      <TestMethod codeBase="/home/flynn/code/vaultNotary/backend/tests/VaultNotary.UnitTests/bin/Debug/net8.0/VaultNotary.UnitTests.dll" adapterTypeName="executor://xunit/VsTestRunner2/netcoreapp" className="VaultNotary.UnitTests.Domain.Entities.CustomerTests" name="Customer_ShouldInitialize_WithDefaultValues" />
    </UnitTest>
    <UnitTest name="VaultNotary.UnitTests.Infrastructure.Services.HashServiceTests.VerifyHash_WithByteArray_ShouldReturnTrue_WhenHashMatches" storage="/home/flynn/code/vaultnotary/backend/tests/vaultnotary.unittests/bin/debug/net8.0/vaultnotary.unittests.dll" id="6f7d5fcc-9b7b-0e9f-45be-ff7d22cfc936">
      <Execution id="7e00e731-a17c-4400-98e4-a4e4016e8d38" />
      <TestMethod codeBase="/home/flynn/code/vaultNotary/backend/tests/VaultNotary.UnitTests/bin/Debug/net8.0/VaultNotary.UnitTests.dll" adapterTypeName="executor://xunit/VsTestRunner2/netcoreapp" className="VaultNotary.UnitTests.Infrastructure.Services.HashServiceTests" name="VerifyHash_WithByteArray_ShouldReturnTrue_WhenHashMatches" />
    </UnitTest>
    <UnitTest name="VaultNotary.UnitTests.Infrastructure.EfCustomerRepositoryTests.DeleteAsync_ShouldDeleteCustomer_WhenExists" storage="/home/flynn/code/vaultnotary/backend/tests/vaultnotary.unittests/bin/debug/net8.0/vaultnotary.unittests.dll" id="ab4b969c-017d-5119-21ee-604861773804">
      <Execution id="a1831a06-b003-469e-abc1-6e0b64cf0ba7" />
      <TestMethod codeBase="/home/flynn/code/vaultNotary/backend/tests/VaultNotary.UnitTests/bin/Debug/net8.0/VaultNotary.UnitTests.dll" adapterTypeName="executor://xunit/VsTestRunner2/netcoreapp" className="VaultNotary.UnitTests.Infrastructure.EfCustomerRepositoryTests" name="DeleteAsync_ShouldDeleteCustomer_WhenExists" />
    </UnitTest>
    <UnitTest name="VaultNotary.UnitTests.Infrastructure.Services.HashServiceTests.ComputeSha256HashAsync_WithStream_ShouldReturnCorrectHash" storage="/home/flynn/code/vaultnotary/backend/tests/vaultnotary.unittests/bin/debug/net8.0/vaultnotary.unittests.dll" id="303f2f45-ce68-ba26-a62b-831f90893498">
      <Execution id="6384719d-e1a1-4523-82a3-b9406597b86f" />
      <TestMethod codeBase="/home/flynn/code/vaultNotary/backend/tests/VaultNotary.UnitTests/bin/Debug/net8.0/VaultNotary.UnitTests.dll" adapterTypeName="executor://xunit/VsTestRunner2/netcoreapp" className="VaultNotary.UnitTests.Infrastructure.Services.HashServiceTests" name="ComputeSha256HashAsync_WithStream_ShouldReturnCorrectHash" />
    </UnitTest>
    <UnitTest name="VaultNotary.UnitTests.Infrastructure.Services.HashServiceTests.VerifyHash_WithStream_ShouldReturnTrue_WhenHashMatches" storage="/home/flynn/code/vaultnotary/backend/tests/vaultnotary.unittests/bin/debug/net8.0/vaultnotary.unittests.dll" id="14c659c0-ca78-4499-399e-fb0d0031572e">
      <Execution id="2003f219-72f3-4dc4-a27c-abcc6ff24926" />
      <TestMethod codeBase="/home/flynn/code/vaultNotary/backend/tests/VaultNotary.UnitTests/bin/Debug/net8.0/VaultNotary.UnitTests.dll" adapterTypeName="executor://xunit/VsTestRunner2/netcoreapp" className="VaultNotary.UnitTests.Infrastructure.Services.HashServiceTests" name="VerifyHash_WithStream_ShouldReturnTrue_WhenHashMatches" />
    </UnitTest>
    <UnitTest name="VaultNotary.UnitTests.Domain.Entities.CustomerTests.Customer_ShouldSetProperties_Correctly" storage="/home/flynn/code/vaultnotary/backend/tests/vaultnotary.unittests/bin/debug/net8.0/vaultnotary.unittests.dll" id="04888aad-83f1-65c2-d21f-07e38ebe2803">
      <Execution id="7456da3d-8cbf-4e5c-969a-0627d0e4d466" />
      <TestMethod codeBase="/home/flynn/code/vaultNotary/backend/tests/VaultNotary.UnitTests/bin/Debug/net8.0/VaultNotary.UnitTests.dll" adapterTypeName="executor://xunit/VsTestRunner2/netcoreapp" className="VaultNotary.UnitTests.Domain.Entities.CustomerTests" name="Customer_ShouldSetProperties_Correctly" />
    </UnitTest>
    <UnitTest name="VaultNotary.UnitTests.Infrastructure.EfDocumentRepositoryTests.GetByNotaryDateRangeAsync_ShouldReturnDocumentsInRange" storage="/home/flynn/code/vaultnotary/backend/tests/vaultnotary.unittests/bin/debug/net8.0/vaultnotary.unittests.dll" id="ebd5c59e-1cbc-dab5-4e7e-96e2b5471cb0">
      <Execution id="4b5994df-a955-468a-b37a-6c2d071fb46e" />
      <TestMethod codeBase="/home/flynn/code/vaultNotary/backend/tests/VaultNotary.UnitTests/bin/Debug/net8.0/VaultNotary.UnitTests.dll" adapterTypeName="executor://xunit/VsTestRunner2/netcoreapp" className="VaultNotary.UnitTests.Infrastructure.EfDocumentRepositoryTests" name="GetByNotaryDateRangeAsync_ShouldReturnDocumentsInRange" />
    </UnitTest>
    <UnitTest name="VaultNotary.UnitTests.Infrastructure.Services.HashServiceTests.ComputeSha256HashAsync_ShouldBeCaseInsensitive" storage="/home/flynn/code/vaultnotary/backend/tests/vaultnotary.unittests/bin/debug/net8.0/vaultnotary.unittests.dll" id="62b6ef2c-5660-9d9a-7e0f-4aa2e8e99e27">
      <Execution id="b36bdf24-37d7-4bd3-adcd-6a078c79001d" />
      <TestMethod codeBase="/home/flynn/code/vaultNotary/backend/tests/VaultNotary.UnitTests/bin/Debug/net8.0/VaultNotary.UnitTests.dll" adapterTypeName="executor://xunit/VsTestRunner2/netcoreapp" className="VaultNotary.UnitTests.Infrastructure.Services.HashServiceTests" name="ComputeSha256HashAsync_ShouldBeCaseInsensitive" />
    </UnitTest>
    <UnitTest name="VaultNotary.UnitTests.Infrastructure.EfCustomerRepositoryTests.GetByBusinessRegistrationAsync_ShouldReturnCustomer_WhenExists" storage="/home/flynn/code/vaultnotary/backend/tests/vaultnotary.unittests/bin/debug/net8.0/vaultnotary.unittests.dll" id="7481627a-6188-3166-fd4e-08a013bf2672">
      <Execution id="91823e66-897e-4bdf-b5bc-9b924746dea9" />
      <TestMethod codeBase="/home/flynn/code/vaultNotary/backend/tests/VaultNotary.UnitTests/bin/Debug/net8.0/VaultNotary.UnitTests.dll" adapterTypeName="executor://xunit/VsTestRunner2/netcoreapp" className="VaultNotary.UnitTests.Infrastructure.EfCustomerRepositoryTests" name="GetByBusinessRegistrationAsync_ShouldReturnCustomer_WhenExists" />
    </UnitTest>
    <UnitTest name="VaultNotary.UnitTests.Domain.Entities.CustomerTests.CustomerType_ShouldHave_CorrectValues" storage="/home/flynn/code/vaultnotary/backend/tests/vaultnotary.unittests/bin/debug/net8.0/vaultnotary.unittests.dll" id="b8b7e93f-a0c8-b037-9315-13ba9c8eff12">
      <Execution id="d107cc25-8f89-4013-8d4a-be64de1ae3f1" />
      <TestMethod codeBase="/home/flynn/code/vaultNotary/backend/tests/VaultNotary.UnitTests/bin/Debug/net8.0/VaultNotary.UnitTests.dll" adapterTypeName="executor://xunit/VsTestRunner2/netcoreapp" className="VaultNotary.UnitTests.Domain.Entities.CustomerTests" name="CustomerType_ShouldHave_CorrectValues" />
    </UnitTest>
    <UnitTest name="VaultNotary.UnitTests.Infrastructure.EfCustomerRepositoryTests.GetByDocumentIdAsync_ShouldReturnCustomer_WhenExists" storage="/home/flynn/code/vaultnotary/backend/tests/vaultnotary.unittests/bin/debug/net8.0/vaultnotary.unittests.dll" id="0e6280e0-be92-ab27-fc1f-5bbd43eef23b">
      <Execution id="a529de6c-2370-480f-b96e-10a18f8dd412" />
      <TestMethod codeBase="/home/flynn/code/vaultNotary/backend/tests/VaultNotary.UnitTests/bin/Debug/net8.0/VaultNotary.UnitTests.dll" adapterTypeName="executor://xunit/VsTestRunner2/netcoreapp" className="VaultNotary.UnitTests.Infrastructure.EfCustomerRepositoryTests" name="GetByDocumentIdAsync_ShouldReturnCustomer_WhenExists" />
    </UnitTest>
    <UnitTest name="VaultNotary.UnitTests.Application.Services.CustomerServiceTests.CreateAsync_ShouldReturnCustomerId_WhenCustomerIsCreated" storage="/home/flynn/code/vaultnotary/backend/tests/vaultnotary.unittests/bin/debug/net8.0/vaultnotary.unittests.dll" id="898eced0-ed08-96d3-17a7-41bf4700bf8a">
      <Execution id="ed4474a8-16a1-47a8-b83a-cf88da0db1fd" />
      <TestMethod codeBase="/home/flynn/code/vaultNotary/backend/tests/VaultNotary.UnitTests/bin/Debug/net8.0/VaultNotary.UnitTests.dll" adapterTypeName="executor://xunit/VsTestRunner2/netcoreapp" className="VaultNotary.UnitTests.Application.Services.CustomerServiceTests" name="CreateAsync_ShouldReturnCustomerId_WhenCustomerIsCreated" />
    </UnitTest>
    <UnitTest name="VaultNotary.UnitTests.Infrastructure.Services.HashServiceTests.VerifyHash_WithByteArray_ShouldReturnFalse_WhenHashDoesNotMatch" storage="/home/flynn/code/vaultnotary/backend/tests/vaultnotary.unittests/bin/debug/net8.0/vaultnotary.unittests.dll" id="f78d1494-aace-2b41-2672-00ea9dc978c3">
      <Execution id="7ce7f7a5-b3e7-432a-9fca-0ed1f949b374" />
      <TestMethod codeBase="/home/flynn/code/vaultNotary/backend/tests/VaultNotary.UnitTests/bin/Debug/net8.0/VaultNotary.UnitTests.dll" adapterTypeName="executor://xunit/VsTestRunner2/netcoreapp" className="VaultNotary.UnitTests.Infrastructure.Services.HashServiceTests" name="VerifyHash_WithByteArray_ShouldReturnFalse_WhenHashDoesNotMatch" />
    </UnitTest>
    <UnitTest name="VaultNotary.UnitTests.Infrastructure.Services.HashServiceTests.VerifyHash_WithStream_ShouldReturnFalse_WhenHashDoesNotMatch" storage="/home/flynn/code/vaultnotary/backend/tests/vaultnotary.unittests/bin/debug/net8.0/vaultnotary.unittests.dll" id="3e0aa6db-af7c-58b9-39b2-5a1ae24071c0">
      <Execution id="6f6fc7ba-41a8-411f-94a5-ea10de3cfbda" />
      <TestMethod codeBase="/home/flynn/code/vaultNotary/backend/tests/VaultNotary.UnitTests/bin/Debug/net8.0/VaultNotary.UnitTests.dll" adapterTypeName="executor://xunit/VsTestRunner2/netcoreapp" className="VaultNotary.UnitTests.Infrastructure.Services.HashServiceTests" name="VerifyHash_WithStream_ShouldReturnFalse_WhenHashDoesNotMatch" />
    </UnitTest>
    <UnitTest name="VaultNotary.UnitTests.Infrastructure.Services.HashServiceTests.ComputeSha256HashAsync_WithEmptyData_ShouldReturnEmptyStringHash" storage="/home/flynn/code/vaultnotary/backend/tests/vaultnotary.unittests/bin/debug/net8.0/vaultnotary.unittests.dll" id="fd7688cf-05b6-48ca-08be-00d2a4e36382">
      <Execution id="f69621ca-028f-41a8-b9f4-891e1f25fe37" />
      <TestMethod codeBase="/home/flynn/code/vaultNotary/backend/tests/VaultNotary.UnitTests/bin/Debug/net8.0/VaultNotary.UnitTests.dll" adapterTypeName="executor://xunit/VsTestRunner2/netcoreapp" className="VaultNotary.UnitTests.Infrastructure.Services.HashServiceTests" name="ComputeSha256HashAsync_WithEmptyData_ShouldReturnEmptyStringHash" />
    </UnitTest>
    <UnitTest name="VaultNotary.UnitTests.Infrastructure.EfDocumentRepositoryTests.SearchAsync_ShouldBeCase_Insensitive" storage="/home/flynn/code/vaultnotary/backend/tests/vaultnotary.unittests/bin/debug/net8.0/vaultnotary.unittests.dll" id="24dd1393-9374-e4ba-078b-276da4d99357">
      <Execution id="a63a73a0-50a1-499a-86f5-b14d1db2b18e" />
      <TestMethod codeBase="/home/flynn/code/vaultNotary/backend/tests/VaultNotary.UnitTests/bin/Debug/net8.0/VaultNotary.UnitTests.dll" adapterTypeName="executor://xunit/VsTestRunner2/netcoreapp" className="VaultNotary.UnitTests.Infrastructure.EfDocumentRepositoryTests" name="SearchAsync_ShouldBeCase_Insensitive" />
    </UnitTest>
    <UnitTest name="VaultNotary.UnitTests.Infrastructure.EfCustomerRepositoryTests.GetAllAsync_ShouldIncludeRelatedData" storage="/home/flynn/code/vaultnotary/backend/tests/vaultnotary.unittests/bin/debug/net8.0/vaultnotary.unittests.dll" id="a1811c63-c727-4865-2c6c-c39c4b1d8891">
      <Execution id="71c37ab7-db2f-46cc-b60e-89a129ffba89" />
      <TestMethod codeBase="/home/flynn/code/vaultNotary/backend/tests/VaultNotary.UnitTests/bin/Debug/net8.0/VaultNotary.UnitTests.dll" adapterTypeName="executor://xunit/VsTestRunner2/netcoreapp" className="VaultNotary.UnitTests.Infrastructure.EfCustomerRepositoryTests" name="GetAllAsync_ShouldIncludeRelatedData" />
    </UnitTest>
    <UnitTest name="VaultNotary.UnitTests.Infrastructure.EfCustomerRepositoryTests.CreateAsync_ShouldGenerateId_WhenIdIsEmpty" storage="/home/flynn/code/vaultnotary/backend/tests/vaultnotary.unittests/bin/debug/net8.0/vaultnotary.unittests.dll" id="63bf6977-e010-ffc4-c904-dbbb2c3a679f">
      <Execution id="aa0693c5-7256-47d7-bad3-f17b157ea4c3" />
      <TestMethod codeBase="/home/flynn/code/vaultNotary/backend/tests/VaultNotary.UnitTests/bin/Debug/net8.0/VaultNotary.UnitTests.dll" adapterTypeName="executor://xunit/VsTestRunner2/netcoreapp" className="VaultNotary.UnitTests.Infrastructure.EfCustomerRepositoryTests" name="CreateAsync_ShouldGenerateId_WhenIdIsEmpty" />
    </UnitTest>
    <UnitTest name="VaultNotary.UnitTests.Infrastructure.EfDocumentRepositoryTests.DeleteAsync_ShouldNotThrow_WhenDocumentNotExists" storage="/home/flynn/code/vaultnotary/backend/tests/vaultnotary.unittests/bin/debug/net8.0/vaultnotary.unittests.dll" id="9fcb122b-feb1-dde3-4d27-4138d7009c75">
      <Execution id="79e5f6b0-ea46-4151-934a-d4fc8fb4e16e" />
      <TestMethod codeBase="/home/flynn/code/vaultNotary/backend/tests/VaultNotary.UnitTests/bin/Debug/net8.0/VaultNotary.UnitTests.dll" adapterTypeName="executor://xunit/VsTestRunner2/netcoreapp" className="VaultNotary.UnitTests.Infrastructure.EfDocumentRepositoryTests" name="DeleteAsync_ShouldNotThrow_WhenDocumentNotExists" />
    </UnitTest>
    <UnitTest name="VaultNotary.UnitTests.Infrastructure.EfDocumentRepositoryTests.GetByIdAsync_ShouldReturnNull_WhenNotExists" storage="/home/flynn/code/vaultnotary/backend/tests/vaultnotary.unittests/bin/debug/net8.0/vaultnotary.unittests.dll" id="00a1afc4-f1e8-79b7-f69f-08412d5a460f">
      <Execution id="9ffa64a0-36f0-43cb-93e8-1b83a9994565" />
      <TestMethod codeBase="/home/flynn/code/vaultNotary/backend/tests/VaultNotary.UnitTests/bin/Debug/net8.0/VaultNotary.UnitTests.dll" adapterTypeName="executor://xunit/VsTestRunner2/netcoreapp" className="VaultNotary.UnitTests.Infrastructure.EfDocumentRepositoryTests" name="GetByIdAsync_ShouldReturnNull_WhenNotExists" />
    </UnitTest>
    <UnitTest name="VaultNotary.UnitTests.Domain.Entities.DocumentTests.Document_ShouldSupport_StringDocumentTypes" storage="/home/flynn/code/vaultnotary/backend/tests/vaultnotary.unittests/bin/debug/net8.0/vaultnotary.unittests.dll" id="cbdb6a1f-1649-5eef-45cb-279aab316348">
      <Execution id="97a9718c-852d-4240-ad5c-191c14ee50b5" />
      <TestMethod codeBase="/home/flynn/code/vaultNotary/backend/tests/VaultNotary.UnitTests/bin/Debug/net8.0/VaultNotary.UnitTests.dll" adapterTypeName="executor://xunit/VsTestRunner2/netcoreapp" className="VaultNotary.UnitTests.Domain.Entities.DocumentTests" name="Document_ShouldSupport_StringDocumentTypes" />
    </UnitTest>
    <UnitTest name="VaultNotary.UnitTests.Infrastructure.EfDocumentRepositoryTests.CreateAsync_ShouldThrowException_WhenDocumentWithSameIdExists" storage="/home/flynn/code/vaultnotary/backend/tests/vaultnotary.unittests/bin/debug/net8.0/vaultnotary.unittests.dll" id="a5708848-e1cc-1088-bc32-2951eee4e89d">
      <Execution id="c4d81fe9-5fca-40af-9b50-5f042c2c72fa" />
      <TestMethod codeBase="/home/flynn/code/vaultNotary/backend/tests/VaultNotary.UnitTests/bin/Debug/net8.0/VaultNotary.UnitTests.dll" adapterTypeName="executor://xunit/VsTestRunner2/netcoreapp" className="VaultNotary.UnitTests.Infrastructure.EfDocumentRepositoryTests" name="CreateAsync_ShouldThrowException_WhenDocumentWithSameIdExists" />
    </UnitTest>
    <UnitTest name="VaultNotary.UnitTests.Infrastructure.EfCustomerRepositoryTests.SearchByIdentityAsync_ShouldHandleSpecialCharacters" storage="/home/flynn/code/vaultnotary/backend/tests/vaultnotary.unittests/bin/debug/net8.0/vaultnotary.unittests.dll" id="76489d9f-fd4f-2f9e-ce48-40a210f6d5eb">
      <Execution id="8a9f4354-64bf-425c-9abd-11860d4c2936" />
      <TestMethod codeBase="/home/flynn/code/vaultNotary/backend/tests/VaultNotary.UnitTests/bin/Debug/net8.0/VaultNotary.UnitTests.dll" adapterTypeName="executor://xunit/VsTestRunner2/netcoreapp" className="VaultNotary.UnitTests.Infrastructure.EfCustomerRepositoryTests" name="SearchByIdentityAsync_ShouldHandleSpecialCharacters" />
    </UnitTest>
    <UnitTest name="VaultNotary.UnitTests.Infrastructure.EfDocumentRepositoryTests.CreateAsync_ShouldCreateDocument_WhenValidDataProvided" storage="/home/flynn/code/vaultnotary/backend/tests/vaultnotary.unittests/bin/debug/net8.0/vaultnotary.unittests.dll" id="e7f888cb-eab3-1a55-af0e-16d02b8717b7">
      <Execution id="cb5e6a2d-395e-4ba2-b4df-b28520700781" />
      <TestMethod codeBase="/home/flynn/code/vaultNotary/backend/tests/VaultNotary.UnitTests/bin/Debug/net8.0/VaultNotary.UnitTests.dll" adapterTypeName="executor://xunit/VsTestRunner2/netcoreapp" className="VaultNotary.UnitTests.Infrastructure.EfDocumentRepositoryTests" name="CreateAsync_ShouldCreateDocument_WhenValidDataProvided" />
    </UnitTest>
  </TestDefinitions>
  <TestEntries>
    <TestEntry testId="76489d9f-fd4f-2f9e-ce48-40a210f6d5eb" executionId="8a9f4354-64bf-425c-9abd-11860d4c2936" testListId="8c84fa94-04c1-424b-9868-57a2d4851a1d" />
    <TestEntry testId="775df57f-6001-8eec-9333-a25d5f9c4cc7" executionId="ab62a778-ad6c-4634-ac6a-ea0372bec5cd" testListId="8c84fa94-04c1-424b-9868-57a2d4851a1d" />
    <TestEntry testId="00a1afc4-f1e8-79b7-f69f-08412d5a460f" executionId="9ffa64a0-36f0-43cb-93e8-1b83a9994565" testListId="8c84fa94-04c1-424b-9868-57a2d4851a1d" />
    <TestEntry testId="cf51ce0f-2f0f-7935-fb08-4d5b6db635da" executionId="080af8ca-ff7a-43a1-bd57-30c063ee840d" testListId="8c84fa94-04c1-424b-9868-57a2d4851a1d" />
    <TestEntry testId="7481627a-6188-3166-fd4e-08a013bf2672" executionId="91823e66-897e-4bdf-b5bc-9b924746dea9" testListId="8c84fa94-04c1-424b-9868-57a2d4851a1d" />
    <TestEntry testId="3ed76e1d-1c6f-b356-7396-d35c933a5d12" executionId="14d76fb9-3bcd-4931-afeb-66a71145b374" testListId="8c84fa94-04c1-424b-9868-57a2d4851a1d" />
    <TestEntry testId="bf7a6d04-5c72-8c24-65f2-9dbcb9313700" executionId="9c8241bd-00c7-44a3-ba31-0e2a0709f6d0" testListId="8c84fa94-04c1-424b-9868-57a2d4851a1d" />
    <TestEntry testId="9e4e769d-1d83-c97c-c50b-64e8e774377d" executionId="1f606124-4493-4f46-b7ad-c42203e11b65" testListId="8c84fa94-04c1-424b-9868-57a2d4851a1d" />
    <TestEntry testId="a63a5fe4-ceee-eee0-7fd4-02925a521221" executionId="38879cd1-ea7d-4105-8491-734719fc27f6" testListId="8c84fa94-04c1-424b-9868-57a2d4851a1d" />
    <TestEntry testId="a5708848-e1cc-1088-bc32-2951eee4e89d" executionId="c4d81fe9-5fca-40af-9b50-5f042c2c72fa" testListId="8c84fa94-04c1-424b-9868-57a2d4851a1d" />
    <TestEntry testId="394397b7-5809-ceed-8f63-5845032ef263" executionId="0e37c935-6b78-4053-9ce5-c24fc67f6d65" testListId="8c84fa94-04c1-424b-9868-57a2d4851a1d" />
    <TestEntry testId="d839dbff-7aa8-dd16-7394-c11d568a8000" executionId="720e2fdf-dc94-4dce-97ec-d2d8fb5e4544" testListId="8c84fa94-04c1-424b-9868-57a2d4851a1d" />
    <TestEntry testId="cbdb6a1f-1649-5eef-45cb-279aab316348" executionId="97a9718c-852d-4240-ad5c-191c14ee50b5" testListId="8c84fa94-04c1-424b-9868-57a2d4851a1d" />
    <TestEntry testId="3e0aa6db-af7c-58b9-39b2-5a1ae24071c0" executionId="6f6fc7ba-41a8-411f-94a5-ea10de3cfbda" testListId="8c84fa94-04c1-424b-9868-57a2d4851a1d" />
    <TestEntry testId="5dfb96d3-dd69-e1d6-231a-7317211506a6" executionId="d2c4c49a-38c1-4262-91d0-a0e9a0f9f3e5" testListId="8c84fa94-04c1-424b-9868-57a2d4851a1d" />
    <TestEntry testId="fe54ed28-d79b-c928-04e2-77818f7ea134" executionId="6086b9ce-7bb2-4d30-9043-a31678b7c486" testListId="8c84fa94-04c1-424b-9868-57a2d4851a1d" />
    <TestEntry testId="63bf6977-e010-ffc4-c904-dbbb2c3a679f" executionId="aa0693c5-7256-47d7-bad3-f17b157ea4c3" testListId="8c84fa94-04c1-424b-9868-57a2d4851a1d" />
    <TestEntry testId="6a85ffa8-fcdf-7e1c-3af2-8e0f097e750d" executionId="fc471490-734b-423f-abf0-256242a42438" testListId="8c84fa94-04c1-424b-9868-57a2d4851a1d" />
    <TestEntry testId="b39827fa-1c5e-eab7-0268-f5d5afa6279b" executionId="192d21a7-49ba-4969-9d79-8883838fc841" testListId="8c84fa94-04c1-424b-9868-57a2d4851a1d" />
    <TestEntry testId="510ce74e-25ac-3598-7d09-61680231ed45" executionId="3e3fd070-e890-4c15-8045-7cf92892542e" testListId="8c84fa94-04c1-424b-9868-57a2d4851a1d" />
    <TestEntry testId="9fcb122b-feb1-dde3-4d27-4138d7009c75" executionId="79e5f6b0-ea46-4151-934a-d4fc8fb4e16e" testListId="8c84fa94-04c1-424b-9868-57a2d4851a1d" />
    <TestEntry testId="7ccd4740-275c-61ce-f5c7-0ee793b6d229" executionId="8c82e1b7-eb61-4ded-8ec6-438e5b9d8e2c" testListId="8c84fa94-04c1-424b-9868-57a2d4851a1d" />
    <TestEntry testId="4b9844f8-0562-752b-e5e6-10481fcc4865" executionId="8592ae11-7e6e-45cc-86fd-42be4fb53493" testListId="8c84fa94-04c1-424b-9868-57a2d4851a1d" />
    <TestEntry testId="303f2f45-ce68-ba26-a62b-831f90893498" executionId="6384719d-e1a1-4523-82a3-b9406597b86f" testListId="8c84fa94-04c1-424b-9868-57a2d4851a1d" />
    <TestEntry testId="0e6280e0-be92-ab27-fc1f-5bbd43eef23b" executionId="a529de6c-2370-480f-b96e-10a18f8dd412" testListId="8c84fa94-04c1-424b-9868-57a2d4851a1d" />
    <TestEntry testId="62b6ef2c-5660-9d9a-7e0f-4aa2e8e99e27" executionId="b36bdf24-37d7-4bd3-adcd-6a078c79001d" testListId="8c84fa94-04c1-424b-9868-57a2d4851a1d" />
    <TestEntry testId="b965df6b-31c8-65ef-981a-d49e7013be88" executionId="21aadc69-94ff-4030-bb87-0b40f8982c2e" testListId="8c84fa94-04c1-424b-9868-57a2d4851a1d" />
    <TestEntry testId="d9c5cd29-3225-c901-6aa7-fd5e3ac6900c" executionId="d0a207a7-59f1-4d8f-a91d-3d630285cc2a" testListId="8c84fa94-04c1-424b-9868-57a2d4851a1d" />
    <TestEntry testId="5dc00981-9acd-f9f0-20d4-e2a5da8bd6af" executionId="c08ff012-c59a-478c-a695-26e4ff85cc15" testListId="8c84fa94-04c1-424b-9868-57a2d4851a1d" />
    <TestEntry testId="e2dd5144-457e-7bff-a018-9bc3286aa49a" executionId="a613083e-4ee4-4437-b438-496c0f2af503" testListId="8c84fa94-04c1-424b-9868-57a2d4851a1d" />
    <TestEntry testId="0e2e8536-99f5-2267-ab56-6f2625844e4c" executionId="189dc825-0b23-47d8-8b96-48feee9ae37d" testListId="8c84fa94-04c1-424b-9868-57a2d4851a1d" />
    <TestEntry testId="307bd208-022f-67d4-552a-2144ffe20347" executionId="08898fa0-c218-42f4-8a33-51ba77373f61" testListId="8c84fa94-04c1-424b-9868-57a2d4851a1d" />
    <TestEntry testId="abd9fe39-3eef-2fa5-8b0b-aef80c89da07" executionId="07507d46-a4a4-4b05-abfc-fe4ea997ff57" testListId="8c84fa94-04c1-424b-9868-57a2d4851a1d" />
    <TestEntry testId="d3d84a57-b772-3814-1b36-946afc949410" executionId="fdd945ab-d3eb-4cdd-b36b-bbd5108f189b" testListId="8c84fa94-04c1-424b-9868-57a2d4851a1d" />
    <TestEntry testId="0c451fc5-d54f-536e-a376-4f7a2805e2aa" executionId="18139ea6-0899-48d9-89dc-837e90966aaf" testListId="8c84fa94-04c1-424b-9868-57a2d4851a1d" />
    <TestEntry testId="04888aad-83f1-65c2-d21f-07e38ebe2803" executionId="7456da3d-8cbf-4e5c-969a-0627d0e4d466" testListId="8c84fa94-04c1-424b-9868-57a2d4851a1d" />
    <TestEntry testId="6f7d5fcc-9b7b-0e9f-45be-ff7d22cfc936" executionId="7e00e731-a17c-4400-98e4-a4e4016e8d38" testListId="8c84fa94-04c1-424b-9868-57a2d4851a1d" />
    <TestEntry testId="fd7688cf-05b6-48ca-08be-00d2a4e36382" executionId="f69621ca-028f-41a8-b9f4-891e1f25fe37" testListId="8c84fa94-04c1-424b-9868-57a2d4851a1d" />
    <TestEntry testId="c5657018-f55b-2642-bd48-6d7531069536" executionId="3d774fa9-d337-4061-9cfb-8146dda56b42" testListId="8c84fa94-04c1-424b-9868-57a2d4851a1d" />
    <TestEntry testId="e2397b66-2d56-1c90-f08a-f08ae995c1dc" executionId="17d09da8-e778-474c-9308-a0aa8e09f9de" testListId="8c84fa94-04c1-424b-9868-57a2d4851a1d" />
    <TestEntry testId="5b0b055e-76f2-fc36-20fa-35fcb9227acb" executionId="a98e7f47-2dc1-40e4-981b-7cf56c5aa381" testListId="8c84fa94-04c1-424b-9868-57a2d4851a1d" />
    <TestEntry testId="ab4b969c-017d-5119-21ee-604861773804" executionId="a1831a06-b003-469e-abc1-6e0b64cf0ba7" testListId="8c84fa94-04c1-424b-9868-57a2d4851a1d" />
    <TestEntry testId="de2da7fe-7d82-4bfa-7387-50022c7ad055" executionId="cff88b6f-2d0f-4403-b5d4-b2c08d5d462a" testListId="8c84fa94-04c1-424b-9868-57a2d4851a1d" />
    <TestEntry testId="79c400a0-f4bc-7982-0a39-332eda366218" executionId="212a1b32-d8d1-4e95-90ff-60bbfa35dd6c" testListId="8c84fa94-04c1-424b-9868-57a2d4851a1d" />
    <TestEntry testId="401b253a-c4ba-82e2-212c-fbd93d6395db" executionId="20dbacd5-e4ff-4e6f-8061-e02cc7dc7786" testListId="8c84fa94-04c1-424b-9868-57a2d4851a1d" />
    <TestEntry testId="eefe2feb-b68b-0307-bcf4-0f69eb55d52d" executionId="59be786e-78be-4184-92bc-12b9e4be693a" testListId="8c84fa94-04c1-424b-9868-57a2d4851a1d" />
    <TestEntry testId="e7a2c789-9890-31c6-73aa-39eb8361d58f" executionId="e4dd1b4a-810e-43e4-a31d-cc603656915c" testListId="8c84fa94-04c1-424b-9868-57a2d4851a1d" />
    <TestEntry testId="50c7dd02-ab2c-9318-e1c9-0ed531acf36b" executionId="801d4140-9c17-44e5-b4b5-3a447408b3c3" testListId="8c84fa94-04c1-424b-9868-57a2d4851a1d" />
    <TestEntry testId="898eced0-ed08-96d3-17a7-41bf4700bf8a" executionId="ed4474a8-16a1-47a8-b83a-cf88da0db1fd" testListId="8c84fa94-04c1-424b-9868-57a2d4851a1d" />
    <TestEntry testId="a1811c63-c727-4865-2c6c-c39c4b1d8891" executionId="71c37ab7-db2f-46cc-b60e-89a129ffba89" testListId="8c84fa94-04c1-424b-9868-57a2d4851a1d" />
    <TestEntry testId="4ffd0e3d-13b1-6203-f106-aa000d876033" executionId="a801c38a-341b-4a1d-8780-ff1a4ffe3a51" testListId="8c84fa94-04c1-424b-9868-57a2d4851a1d" />
    <TestEntry testId="e8fbb99a-7ab9-80cb-de2f-bd6951de5d69" executionId="22cdf02f-847a-40cd-8072-4537efc0b9cc" testListId="8c84fa94-04c1-424b-9868-57a2d4851a1d" />
    <TestEntry testId="bb72d025-768b-76b2-f208-13636a525d03" executionId="3b79b3c1-aba1-477a-b783-ab500e5c496d" testListId="8c84fa94-04c1-424b-9868-57a2d4851a1d" />
    <TestEntry testId="d1d26a59-6866-8cf4-9170-50d7a8aa5b14" executionId="8d50cb47-a330-466c-ab80-e7b710da60c1" testListId="8c84fa94-04c1-424b-9868-57a2d4851a1d" />
    <TestEntry testId="f78d1494-aace-2b41-2672-00ea9dc978c3" executionId="7ce7f7a5-b3e7-432a-9fca-0ed1f949b374" testListId="8c84fa94-04c1-424b-9868-57a2d4851a1d" />
    <TestEntry testId="37d65448-1662-2551-1559-c5c196553f51" executionId="0813e62c-5cac-4c88-b8ea-7e98e6c37aa2" testListId="8c84fa94-04c1-424b-9868-57a2d4851a1d" />
    <TestEntry testId="96e0c38c-4d22-2d09-7bca-8e39be2bdfa8" executionId="0b65bfaf-46f7-4830-8079-44225a4f38fb" testListId="8c84fa94-04c1-424b-9868-57a2d4851a1d" />
    <TestEntry testId="05fcc321-4235-ba1d-e4d1-4e3e6d865826" executionId="3a432622-4326-4846-91ad-add05494e032" testListId="8c84fa94-04c1-424b-9868-57a2d4851a1d" />
    <TestEntry testId="461cfe1c-64db-1c39-098b-361d5e088b09" executionId="4d78bb45-0830-47c3-b456-9aad6d517050" testListId="8c84fa94-04c1-424b-9868-57a2d4851a1d" />
    <TestEntry testId="a69214a6-caf7-dea8-00a1-32d667d7b600" executionId="7c28370c-5a32-4b8c-b94b-17e2fb5ffa0b" testListId="8c84fa94-04c1-424b-9868-57a2d4851a1d" />
    <TestEntry testId="24dd1393-9374-e4ba-078b-276da4d99357" executionId="a63a73a0-50a1-499a-86f5-b14d1db2b18e" testListId="8c84fa94-04c1-424b-9868-57a2d4851a1d" />
    <TestEntry testId="e3def3b9-3f87-9903-1511-45ab96f293f3" executionId="5e593112-e292-4229-b950-d3a92815f496" testListId="8c84fa94-04c1-424b-9868-57a2d4851a1d" />
    <TestEntry testId="22c27806-7894-a040-0413-05f5b9836ec1" executionId="2c451409-91e2-4d2f-bcb0-61661c9cab80" testListId="8c84fa94-04c1-424b-9868-57a2d4851a1d" />
    <TestEntry testId="14c659c0-ca78-4499-399e-fb0d0031572e" executionId="2003f219-72f3-4dc4-a27c-abcc6ff24926" testListId="8c84fa94-04c1-424b-9868-57a2d4851a1d" />
    <TestEntry testId="ebd5c59e-1cbc-dab5-4e7e-96e2b5471cb0" executionId="4b5994df-a955-468a-b37a-6c2d071fb46e" testListId="8c84fa94-04c1-424b-9868-57a2d4851a1d" />
    <TestEntry testId="b8b7e93f-a0c8-b037-9315-13ba9c8eff12" executionId="d107cc25-8f89-4013-8d4a-be64de1ae3f1" testListId="8c84fa94-04c1-424b-9868-57a2d4851a1d" />
    <TestEntry testId="e7f888cb-eab3-1a55-af0e-16d02b8717b7" executionId="cb5e6a2d-395e-4ba2-b4df-b28520700781" testListId="8c84fa94-04c1-424b-9868-57a2d4851a1d" />
  </TestEntries>
  <TestLists>
    <TestList name="Results Not in a List" id="8c84fa94-04c1-424b-9868-57a2d4851a1d" />
    <TestList name="All Loaded Results" id="19431567-8539-422a-85d7-44ee4e166bda" />
  </TestLists>
  <ResultSummary outcome="Completed">
    <Counters total="67" executed="67" passed="67" failed="0" error="0" timeout="0" aborted="0" inconclusive="0" passedButRunAborted="0" notRunnable="0" notExecuted="0" disconnected="0" warning="0" completed="0" inProgress="0" pending="0" />
    <Output>
      <StdOut>[xUnit.net 00:00:00.00] xUnit.net VSTest Adapter v2.8.2+699d445a1a (64-bit .NET 8.0.17)
[xUnit.net 00:00:00.05]   Discovering: VaultNotary.UnitTests
[xUnit.net 00:00:00.08]   Discovered:  VaultNotary.UnitTests
[xUnit.net 00:00:00.08]   Starting:    VaultNotary.UnitTests
     Warning:
     The component "Fluent Assertions" is governed by the rules defined in the Xceed License Agreement and
     the Xceed Fluent Assertions Community License. You may use Fluent Assertions free of charge for
     non-commercial use only. An active subscription is required to use Fluent Assertions for commercial use.
     Please contact Xceed Sales mailto:sales@xceed.com to acquire a subscription at a very low cost.
     A paid commercial license supports the development and continued increasing support of
     Fluent Assertions users under both commercial and community licenses. Help us
     keep Fluent Assertions at the forefront of unit testing.
     For more information, visit https://xceed.com/products/unit-testing/fluent-assertions/
[xUnit.net 00:00:01.32]   Finished:    VaultNotary.UnitTests
</StdOut>
    </Output>
  </ResultSummary>
</TestRun>